2026-07-19 20:54:07.824 INFO  [restartedMain] c.prog.EnotesApiServiceApplication - Starting EnotesApiServiceApplication using Java 21.0.4 with PID 28596 (D:\java\spring\Enotes-api-Service\target\classes started by HP in D:\java\spring\Enotes-api-Service)
2026-07-19 20:54:07.832 INFO  [restartedMain] c.prog.EnotesApiServiceApplication - The following 1 profile is active: "dev"
2026-07-19 20:54:07.931 INFO  [restartedMain] o.s.b.d.e.DevToolsPropertyDefaultsPostProcessor - Devtools property defaults active! Set 'spring.devtools.add-properties' to 'false' to disable
2026-07-19 20:54:07.932 INFO  [restartedMain] o.s.b.d.e.DevToolsPropertyDefaultsPostProcessor - For additional web related logging consider setting the 'logging.level.web' property to 'DEBUG'
2026-07-19 20:54:09.389 INFO  [restartedMain] o.s.d.r.c.RepositoryConfigurationDelegate - Bootstrapping Spring Data JPA repositories in DEFAULT mode.
2026-07-19 20:54:09.521 INFO  [restartedMain] o.s.d.r.c.RepositoryConfigurationDelegate - Finished Spring Data repository scanning in 115 ms. Found 7 JPA repository interfaces.
2026-07-19 20:54:10.744 INFO  [restartedMain] o.s.b.w.e.tomcat.TomcatWebServer - Tomcat initialized with port 8080 (http)
2026-07-19 20:54:10.777 INFO  [restartedMain] o.a.catalina.core.StandardService - Starting service [Tomcat]
2026-07-19 20:54:10.778 INFO  [restartedMain] o.a.catalina.core.StandardEngine - Starting Servlet engine: [Apache Tomcat/10.1.55]
2026-07-19 20:54:10.833 INFO  [restartedMain] o.a.c.c.C.[Tomcat].[localhost].[/] - Initializing Spring embedded WebApplicationContext
2026-07-19 20:54:10.834 INFO  [restartedMain] o.s.b.w.s.c.ServletWebServerApplicationContext - Root WebApplicationContext: initialization completed in 2900 ms
2026-07-19 20:54:11.079 INFO  [restartedMain] o.h.jpa.internal.util.LogHelper - HHH000204: Processing PersistenceUnitInfo [name: default]
2026-07-19 20:54:11.182 INFO  [restartedMain] org.hibernate.Version - HHH000412: Hibernate ORM core version 6.6.53.Final
2026-07-19 20:54:11.230 INFO  [restartedMain] o.h.c.i.RegionFactoryInitiator - HHH000026: Second-level cache disabled
2026-07-19 20:54:11.609 INFO  [restartedMain] o.s.o.j.p.SpringPersistenceUnitInfo - No LoadTimeWeaver setup: ignoring JPA class transformer
2026-07-19 20:54:11.640 INFO  [restartedMain] com.zaxxer.hikari.HikariDataSource - HikariPool-1 - Starting...
2026-07-19 20:54:12.084 INFO  [restartedMain] com.zaxxer.hikari.pool.HikariPool - HikariPool-1 - Added connection com.mysql.cj.jdbc.ConnectionImpl@68fdb98d
2026-07-19 20:54:12.089 INFO  [restartedMain] com.zaxxer.hikari.HikariDataSource - HikariPool-1 - Start completed.
2026-07-19 20:54:12.176 WARN  [restartedMain] org.hibernate.orm.deprecation - HHH90000025: MySQL8Dialect does not need to be specified explicitly using 'hibernate.dialect' (remove the property setting and it will be selected by default)
2026-07-19 20:54:12.177 WARN  [restartedMain] org.hibernate.orm.deprecation - HHH90000026: MySQL8Dialect has been deprecated; use org.hibernate.dialect.MySQLDialect instead
2026-07-19 20:54:12.198 INFO  [restartedMain] o.hibernate.orm.connections.pooling - HHH10001005: Database info:
	Database JDBC URL [Connecting through datasource 'HikariDataSource (HikariPool-1)']
	Database driver: undefined/unknown
	Database version: 8.0
	Autocommit mode: undefined/unknown
	Isolation level: undefined/unknown
	Minimum pool size: undefined/unknown
	Maximum pool size: undefined/unknown
2026-07-19 20:54:13.741 INFO  [restartedMain] o.h.e.t.j.p.i.JtaPlatformInitiator - HHH000489: No JTA platform available (set 'hibernate.transaction.jta.platform' to enable JTA platform integration)
2026-07-19 20:54:13.752 INFO  [restartedMain] o.s.o.j.LocalContainerEntityManagerFactoryBean - Initialized JPA EntityManagerFactory for persistence unit 'default'
2026-07-19 20:54:14.420 INFO  [restartedMain] o.s.s.c.a.a.c.InitializeAuthenticationProviderBeanManagerConfigurer$InitializeAuthenticationProviderManagerConfigurer - Global AuthenticationManager configured with AuthenticationProvider bean with name authenticationProvider
2026-07-19 20:54:14.421 WARN  [restartedMain] o.s.s.c.a.a.c.InitializeUserDetailsBeanManagerConfigurer$InitializeUserDetailsManagerConfigurer - Global AuthenticationManager configured with an AuthenticationProvider bean. UserDetailsService beans will not be used by Spring Security for automatically configuring username/password login. Consider removing the AuthenticationProvider bean. Alternatively, consider using the UserDetailsService in a manually instantiated DaoAuthenticationProvider. If the current configuration is intentional, to turn off this warning, increase the logging level of 'org.springframework.security.config.annotation.authentication.configuration.InitializeUserDetailsBeanManagerConfigurer' to ERROR
2026-07-19 20:54:14.537 INFO  [restartedMain] o.s.d.j.r.query.QueryEnhancerFactory - Hibernate is in classpath; If applicable, HQL parser will be used.
2026-07-19 20:54:16.149 WARN  [restartedMain] o.s.b.a.o.j.JpaBaseConfiguration$JpaWebConfiguration - spring.jpa.open-in-view is enabled by default. Therefore, database queries may be performed during view rendering. Explicitly configure spring.jpa.open-in-view to disable this warning
2026-07-19 20:54:17.107 INFO  [restartedMain] o.s.b.d.a.OptionalLiveReloadServer - LiveReload server is running on port 35729
2026-07-19 20:54:17.185 INFO  [restartedMain] o.s.b.w.e.tomcat.TomcatWebServer - Tomcat started on port 8080 (http) with context path '/'
2026-07-19 20:54:17.250 INFO  [restartedMain] c.prog.EnotesApiServiceApplication - Started EnotesApiServiceApplication in 10.081 seconds (process running for 10.86)
2026-07-19 20:54:54.071 INFO  [http-nio-8080-exec-10] o.a.c.c.C.[Tomcat].[localhost].[/] - Initializing Spring DispatcherServlet 'dispatcherServlet'
2026-07-19 20:54:54.071 INFO  [http-nio-8080-exec-10] o.s.web.servlet.DispatcherServlet - Initializing Servlet 'dispatcherServlet'
2026-07-19 20:54:54.074 INFO  [http-nio-8080-exec-10] o.s.web.servlet.DispatcherServlet - Completed initialization in 2 ms
2026-07-19 20:54:54.116 INFO  [http-nio-8080-exec-10] com.prog.config.security.JwtFilter - JwtFilter : doFilterInternal() : Processing request /swagger-ui/index.html
2026-07-19 20:54:54.228 INFO  [http-nio-8080-exec-8] com.prog.config.security.JwtFilter - JwtFilter : doFilterInternal() : Processing request /swagger-ui/index.css
2026-07-19 20:54:54.235 INFO  [http-nio-8080-exec-5] com.prog.config.security.JwtFilter - JwtFilter : doFilterInternal() : Processing request /swagger-ui/swagger-initializer.js
2026-07-19 20:54:54.235 INFO  [http-nio-8080-exec-9] com.prog.config.security.JwtFilter - JwtFilter : doFilterInternal() : Processing request /swagger-ui/swagger-ui.css
2026-07-19 20:54:54.236 INFO  [http-nio-8080-exec-6] com.prog.config.security.JwtFilter - JwtFilter : doFilterInternal() : Processing request /swagger-ui/swagger-ui-standalone-preset.js
2026-07-19 20:54:54.239 INFO  [http-nio-8080-exec-7] com.prog.config.security.JwtFilter - JwtFilter : doFilterInternal() : Processing request /swagger-ui/swagger-ui-bundle.js
2026-07-19 20:54:54.435 INFO  [http-nio-8080-exec-3] com.prog.config.security.JwtFilter - JwtFilter : doFilterInternal() : Processing request /swagger-ui/favicon-32x32.png
2026-07-19 20:54:54.436 INFO  [http-nio-8080-exec-4] com.prog.config.security.JwtFilter - JwtFilter : doFilterInternal() : Processing request /enotes-api-doc/swagger-config
2026-07-19 20:54:54.537 INFO  [http-nio-8080-exec-2] com.prog.config.security.JwtFilter - JwtFilter : doFilterInternal() : Processing request /enotes-api-doc
2026-07-19 20:54:55.637 INFO  [http-nio-8080-exec-2] o.s.api.AbstractOpenApiResource - Init duration for springdoc-openapi is: 1073 ms
2026-07-19 21:35:30.249 INFO  [RMI TCP Connection(45)-127.0.0.1] o.s.b.a.SpringApplicationAdminMXBeanRegistrar$SpringApplicationAdmin - Application shutdown requested.
2026-07-19 21:35:30.265 INFO  [RMI TCP Connection(45)-127.0.0.1] o.s.b.w.e.tomcat.GracefulShutdown - Commencing graceful shutdown. Waiting for active requests to complete
2026-07-19 21:35:30.289 INFO  [tomcat-shutdown] o.s.b.w.e.tomcat.GracefulShutdown - Graceful shutdown complete
2026-07-19 21:35:30.312 INFO  [RMI TCP Connection(45)-127.0.0.1] o.s.o.j.LocalContainerEntityManagerFactoryBean - Closing JPA EntityManagerFactory for persistence unit 'default'
2026-07-19 21:35:30.325 INFO  [RMI TCP Connection(45)-127.0.0.1] com.zaxxer.hikari.HikariDataSource - HikariPool-1 - Shutdown initiated...
2026-07-19 21:35:30.339 INFO  [RMI TCP Connection(45)-127.0.0.1] com.zaxxer.hikari.HikariDataSource - HikariPool-1 - Shutdown completed.
