2026-07-11 13:28:55.535 INFO  [restartedMain] c.prog.EnotesApiServiceApplication - Starting EnotesApiServiceApplication using Java 21.0.4 with PID 49804 (D:\java\spring\Enotes-api-Service\target\classes started by HP in D:\java\spring\Enotes-api-Service)
2026-07-11 13:28:55.540 INFO  [restartedMain] c.prog.EnotesApiServiceApplication - The following 1 profile is active: "dev"
2026-07-11 13:28:55.597 INFO  [restartedMain] o.s.b.d.e.DevToolsPropertyDefaultsPostProcessor - Devtools property defaults active! Set 'spring.devtools.add-properties' to 'false' to disable
2026-07-11 13:28:55.597 INFO  [restartedMain] o.s.b.d.e.DevToolsPropertyDefaultsPostProcessor - For additional web related logging consider setting the 'logging.level.web' property to 'DEBUG'
2026-07-11 13:28:56.517 INFO  [restartedMain] o.s.d.r.c.RepositoryConfigurationDelegate - Bootstrapping Spring Data JPA repositories in DEFAULT mode.
2026-07-11 13:28:56.637 INFO  [restartedMain] o.s.d.r.c.RepositoryConfigurationDelegate - Finished Spring Data repository scanning in 108 ms. Found 7 JPA repository interfaces.
2026-07-11 13:28:57.816 INFO  [restartedMain] o.s.b.w.e.tomcat.TomcatWebServer - Tomcat initialized with port 8080 (http)
2026-07-11 13:28:57.838 INFO  [restartedMain] o.a.catalina.core.StandardService - Starting service [Tomcat]
2026-07-11 13:28:57.838 INFO  [restartedMain] o.a.catalina.core.StandardEngine - Starting Servlet engine: [Apache Tomcat/10.1.55]
2026-07-11 13:28:57.892 INFO  [restartedMain] o.a.c.c.C.[Tomcat].[localhost].[/] - Initializing Spring embedded WebApplicationContext
2026-07-11 13:28:57.894 INFO  [restartedMain] o.s.b.w.s.c.ServletWebServerApplicationContext - Root WebApplicationContext: initialization completed in 2295 ms
2026-07-11 13:28:58.071 INFO  [restartedMain] o.h.jpa.internal.util.LogHelper - HHH000204: Processing PersistenceUnitInfo [name: default]
2026-07-11 13:28:58.157 INFO  [restartedMain] org.hibernate.Version - HHH000412: Hibernate ORM core version 6.6.53.Final
2026-07-11 13:28:58.206 INFO  [restartedMain] o.h.c.i.RegionFactoryInitiator - HHH000026: Second-level cache disabled
2026-07-11 13:28:58.642 INFO  [restartedMain] o.s.o.j.p.SpringPersistenceUnitInfo - No LoadTimeWeaver setup: ignoring JPA class transformer
2026-07-11 13:28:58.695 INFO  [restartedMain] com.zaxxer.hikari.HikariDataSource - HikariPool-1 - Starting...
2026-07-11 13:28:59.103 INFO  [restartedMain] com.zaxxer.hikari.pool.HikariPool - HikariPool-1 - Added connection com.mysql.cj.jdbc.ConnectionImpl@3e3d31d0
2026-07-11 13:28:59.106 INFO  [restartedMain] com.zaxxer.hikari.HikariDataSource - HikariPool-1 - Start completed.
2026-07-11 13:28:59.157 WARN  [restartedMain] org.hibernate.orm.deprecation - HHH90000025: MySQL8Dialect does not need to be specified explicitly using 'hibernate.dialect' (remove the property setting and it will be selected by default)
2026-07-11 13:28:59.159 WARN  [restartedMain] org.hibernate.orm.deprecation - HHH90000026: MySQL8Dialect has been deprecated; use org.hibernate.dialect.MySQLDialect instead
2026-07-11 13:28:59.181 INFO  [restartedMain] o.hibernate.orm.connections.pooling - HHH10001005: Database info:
	Database JDBC URL [Connecting through datasource 'HikariDataSource (HikariPool-1)']
	Database driver: undefined/unknown
	Database version: 8.0
	Autocommit mode: undefined/unknown
	Isolation level: undefined/unknown
	Minimum pool size: undefined/unknown
	Maximum pool size: undefined/unknown
2026-07-11 13:29:00.669 INFO  [restartedMain] o.h.e.t.j.p.i.JtaPlatformInitiator - HHH000489: No JTA platform available (set 'hibernate.transaction.jta.platform' to enable JTA platform integration)
2026-07-11 13:29:00.679 INFO  [restartedMain] o.s.o.j.LocalContainerEntityManagerFactoryBean - Initialized JPA EntityManagerFactory for persistence unit 'default'
2026-07-11 13:29:01.260 INFO  [restartedMain] o.s.s.c.a.a.c.InitializeAuthenticationProviderBeanManagerConfigurer$InitializeAuthenticationProviderManagerConfigurer - Global AuthenticationManager configured with AuthenticationProvider bean with name authenticationProvider
2026-07-11 13:29:01.262 WARN  [restartedMain] o.s.s.c.a.a.c.InitializeUserDetailsBeanManagerConfigurer$InitializeUserDetailsManagerConfigurer - Global AuthenticationManager configured with an AuthenticationProvider bean. UserDetailsService beans will not be used by Spring Security for automatically configuring username/password login. Consider removing the AuthenticationProvider bean. Alternatively, consider using the UserDetailsService in a manually instantiated DaoAuthenticationProvider. If the current configuration is intentional, to turn off this warning, increase the logging level of 'org.springframework.security.config.annotation.authentication.configuration.InitializeUserDetailsBeanManagerConfigurer' to ERROR
2026-07-11 13:29:01.382 INFO  [restartedMain] o.s.d.j.r.query.QueryEnhancerFactory - Hibernate is in classpath; If applicable, HQL parser will be used.
2026-07-11 13:29:02.590 WARN  [restartedMain] o.s.b.a.o.j.JpaBaseConfiguration$JpaWebConfiguration - spring.jpa.open-in-view is enabled by default. Therefore, database queries may be performed during view rendering. Explicitly configure spring.jpa.open-in-view to disable this warning
2026-07-11 13:29:03.472 INFO  [restartedMain] o.s.b.d.a.OptionalLiveReloadServer - LiveReload server is running on port 35729
2026-07-11 13:29:03.532 INFO  [restartedMain] o.s.b.w.e.tomcat.TomcatWebServer - Tomcat started on port 8080 (http) with context path '/'
2026-07-11 13:29:03.545 INFO  [restartedMain] c.prog.EnotesApiServiceApplication - Started EnotesApiServiceApplication in 8.661 seconds (process running for 9.436)
2026-07-11 13:29:36.771 INFO  [http-nio-8080-exec-1] o.a.c.c.C.[Tomcat].[localhost].[/] - Initializing Spring DispatcherServlet 'dispatcherServlet'
2026-07-11 13:29:36.772 INFO  [http-nio-8080-exec-1] o.s.web.servlet.DispatcherServlet - Initializing Servlet 'dispatcherServlet'
2026-07-11 13:29:36.775 INFO  [http-nio-8080-exec-1] o.s.web.servlet.DispatcherServlet - Completed initialization in 2 ms
2026-07-11 13:29:36.832 INFO  [http-nio-8080-exec-1] com.prog.config.security.JwtFilter - JwtFilter : doFilterInternal() : Processing request /api/v1/auth/login
2026-07-11 13:29:37.014 INFO  [http-nio-8080-exec-1] com.prog.controller.AuthController - Login request received for email=msugrp@gmail.com
2026-07-11 13:29:37.014 INFO  [http-nio-8080-exec-1] c.prog.service.impl.AuthServiceImpl - AuthServiceImpl : login() : Login request received. Email=msugrp@gmail.com
2026-07-11 13:29:37.467 INFO  [http-nio-8080-exec-1] c.prog.service.impl.JwtServiceImpl - JwtServiceImpl : generateToken() : Generating JWT token for user=msugrp@gmail.com
2026-07-11 13:29:37.595 INFO  [http-nio-8080-exec-1] c.prog.service.impl.JwtServiceImpl - JwtServiceImpl : generateToken() : JWT token generated successfully for user=msugrp@gmail.com
2026-07-11 13:29:37.596 INFO  [http-nio-8080-exec-1] c.prog.service.impl.AuthServiceImpl - AuthServiceImpl : login() : Login successful. UserId=9
2026-07-11 13:29:37.645 INFO  [http-nio-8080-exec-1] com.prog.controller.AuthController - User logged in successfully for email=msugrp@gmail.com
2026-07-11 13:30:23.809 INFO  [http-nio-8080-exec-4] com.prog.config.security.JwtFilter - JwtFilter : doFilterInternal() : Processing request /api/v1/category/active
2026-07-11 13:30:23.886 INFO  [http-nio-8080-exec-4] com.prog.config.security.JwtFilter - JwtFilter : doFilterInternal() : JWT token received for user=msugrp@gmail.com
2026-07-11 13:30:23.965 INFO  [http-nio-8080-exec-4] c.prog.service.impl.JwtServiceImpl - JwtServiceImpl : validateToken() : Validating JWT token for user=msugrp@gmail.com
2026-07-11 13:30:23.971 INFO  [http-nio-8080-exec-4] c.prog.service.impl.JwtServiceImpl - JwtServiceImpl : validateToken() : JWT token validated successfully
2026-07-11 13:30:23.972 INFO  [http-nio-8080-exec-4] com.prog.config.security.JwtFilter - JwtFilter : doFilterInternal() : User authenticated successfully. Username=msugrp@gmail.com
2026-07-11 13:30:24.020 INFO  [http-nio-8080-exec-4] c.prog.controller.CategoryController - CategoryController : getActiveCategory() : Fetch active categories request received
2026-07-11 13:30:24.020 INFO  [http-nio-8080-exec-4] c.p.service.impl.CategoryServiceImpl - CategoryServiceImpl : getActiveCategory() : Fetching active categories
2026-07-11 13:30:24.033 INFO  [http-nio-8080-exec-4] c.p.service.impl.CategoryServiceImpl - CategoryServiceImpl : getActiveCategory() : 11 active categories fetched
2026-07-11 13:30:24.039 INFO  [http-nio-8080-exec-4] c.prog.controller.CategoryController - CategoryController : getActiveCategory() : 11 active categories fetched successfully
2026-07-11 13:30:33.584 INFO  [http-nio-8080-exec-3] com.prog.config.security.JwtFilter - JwtFilter : doFilterInternal() : Processing request /api/v1/category/
2026-07-11 13:30:33.585 INFO  [http-nio-8080-exec-3] com.prog.config.security.JwtFilter - JwtFilter : doFilterInternal() : JWT token received for user=msugrp@gmail.com
2026-07-11 13:30:33.597 INFO  [http-nio-8080-exec-3] c.prog.service.impl.JwtServiceImpl - JwtServiceImpl : validateToken() : Validating JWT token for user=msugrp@gmail.com
2026-07-11 13:30:33.599 INFO  [http-nio-8080-exec-3] c.prog.service.impl.JwtServiceImpl - JwtServiceImpl : validateToken() : JWT token validated successfully
2026-07-11 13:30:33.600 INFO  [http-nio-8080-exec-3] com.prog.config.security.JwtFilter - JwtFilter : doFilterInternal() : User authenticated successfully. Username=msugrp@gmail.com
2026-07-11 13:30:33.601 INFO  [http-nio-8080-exec-3] c.prog.controller.CategoryController - CategoryController : getAllCategory() : Fetch all categories request received
2026-07-11 13:30:33.601 INFO  [http-nio-8080-exec-3] c.p.service.impl.CategoryServiceImpl - CategoryServiceImpl : getAllCategory() : Fetching all categories
2026-07-11 13:30:33.643 INFO  [http-nio-8080-exec-3] c.p.service.impl.CategoryServiceImpl - CategoryServiceImpl : getAllCategory() : 12 categories fetched
2026-07-11 13:30:33.648 INFO  [http-nio-8080-exec-3] c.prog.controller.CategoryController - CategoryController : getAllCategory() : 12 categories fetched successfully
2026-07-11 13:31:54.048 INFO  [RMI TCP Connection(6)-127.0.0.1] o.s.b.a.SpringApplicationAdminMXBeanRegistrar$SpringApplicationAdmin - Application shutdown requested.
2026-07-11 13:31:54.051 INFO  [RMI TCP Connection(6)-127.0.0.1] o.s.b.w.e.tomcat.GracefulShutdown - Commencing graceful shutdown. Waiting for active requests to complete
2026-07-11 13:31:54.075 INFO  [tomcat-shutdown] o.s.b.w.e.tomcat.GracefulShutdown - Graceful shutdown complete
2026-07-11 13:31:54.081 INFO  [RMI TCP Connection(6)-127.0.0.1] o.s.o.j.LocalContainerEntityManagerFactoryBean - Closing JPA EntityManagerFactory for persistence unit 'default'
2026-07-11 13:31:54.084 INFO  [RMI TCP Connection(6)-127.0.0.1] com.zaxxer.hikari.HikariDataSource - HikariPool-1 - Shutdown initiated...
2026-07-11 13:31:54.092 INFO  [RMI TCP Connection(6)-127.0.0.1] com.zaxxer.hikari.HikariDataSource - HikariPool-1 - Shutdown completed.
2026-07-11 17:51:12.720 INFO  [restartedMain] c.prog.EnotesApiServiceApplication - Starting EnotesApiServiceApplication using Java 21.0.4 with PID 32052 (D:\java\spring\Enotes-api-Service\target\classes started by HP in D:\java\spring\Enotes-api-Service)
2026-07-11 17:51:12.724 INFO  [restartedMain] c.prog.EnotesApiServiceApplication - The following 1 profile is active: "dev"
2026-07-11 17:51:12.796 INFO  [restartedMain] o.s.b.d.e.DevToolsPropertyDefaultsPostProcessor - Devtools property defaults active! Set 'spring.devtools.add-properties' to 'false' to disable
2026-07-11 17:51:12.796 INFO  [restartedMain] o.s.b.d.e.DevToolsPropertyDefaultsPostProcessor - For additional web related logging consider setting the 'logging.level.web' property to 'DEBUG'
2026-07-11 17:51:13.884 INFO  [restartedMain] o.s.d.r.c.RepositoryConfigurationDelegate - Bootstrapping Spring Data JPA repositories in DEFAULT mode.
2026-07-11 17:51:13.962 INFO  [restartedMain] o.s.d.r.c.RepositoryConfigurationDelegate - Finished Spring Data repository scanning in 67 ms. Found 7 JPA repository interfaces.
2026-07-11 17:51:14.845 INFO  [restartedMain] o.s.b.w.e.tomcat.TomcatWebServer - Tomcat initialized with port 8080 (http)
2026-07-11 17:51:14.864 INFO  [restartedMain] o.a.catalina.core.StandardService - Starting service [Tomcat]
2026-07-11 17:51:14.864 INFO  [restartedMain] o.a.catalina.core.StandardEngine - Starting Servlet engine: [Apache Tomcat/10.1.55]
2026-07-11 17:51:14.921 INFO  [restartedMain] o.a.c.c.C.[Tomcat].[localhost].[/] - Initializing Spring embedded WebApplicationContext
2026-07-11 17:51:14.921 INFO  [restartedMain] o.s.b.w.s.c.ServletWebServerApplicationContext - Root WebApplicationContext: initialization completed in 2124 ms
2026-07-11 17:51:15.081 INFO  [restartedMain] o.h.jpa.internal.util.LogHelper - HHH000204: Processing PersistenceUnitInfo [name: default]
2026-07-11 17:51:15.150 INFO  [restartedMain] org.hibernate.Version - HHH000412: Hibernate ORM core version 6.6.53.Final
2026-07-11 17:51:15.189 INFO  [restartedMain] o.h.c.i.RegionFactoryInitiator - HHH000026: Second-level cache disabled
2026-07-11 17:51:15.493 INFO  [restartedMain] o.s.o.j.p.SpringPersistenceUnitInfo - No LoadTimeWeaver setup: ignoring JPA class transformer
2026-07-11 17:51:15.539 INFO  [restartedMain] com.zaxxer.hikari.HikariDataSource - HikariPool-1 - Starting...
2026-07-11 17:51:15.965 INFO  [restartedMain] com.zaxxer.hikari.pool.HikariPool - HikariPool-1 - Added connection com.mysql.cj.jdbc.ConnectionImpl@5fb7d948
2026-07-11 17:51:15.969 INFO  [restartedMain] com.zaxxer.hikari.HikariDataSource - HikariPool-1 - Start completed.
2026-07-11 17:51:16.023 WARN  [restartedMain] org.hibernate.orm.deprecation - HHH90000025: MySQL8Dialect does not need to be specified explicitly using 'hibernate.dialect' (remove the property setting and it will be selected by default)
2026-07-11 17:51:16.024 WARN  [restartedMain] org.hibernate.orm.deprecation - HHH90000026: MySQL8Dialect has been deprecated; use org.hibernate.dialect.MySQLDialect instead
2026-07-11 17:51:16.046 INFO  [restartedMain] o.hibernate.orm.connections.pooling - HHH10001005: Database info:
	Database JDBC URL [Connecting through datasource 'HikariDataSource (HikariPool-1)']
	Database driver: undefined/unknown
	Database version: 8.0
	Autocommit mode: undefined/unknown
	Isolation level: undefined/unknown
	Minimum pool size: undefined/unknown
	Maximum pool size: undefined/unknown
2026-07-11 17:51:17.356 INFO  [restartedMain] o.h.e.t.j.p.i.JtaPlatformInitiator - HHH000489: No JTA platform available (set 'hibernate.transaction.jta.platform' to enable JTA platform integration)
2026-07-11 17:51:17.362 INFO  [restartedMain] o.s.o.j.LocalContainerEntityManagerFactoryBean - Initialized JPA EntityManagerFactory for persistence unit 'default'
2026-07-11 17:51:17.944 INFO  [restartedMain] o.s.s.c.a.a.c.InitializeAuthenticationProviderBeanManagerConfigurer$InitializeAuthenticationProviderManagerConfigurer - Global AuthenticationManager configured with AuthenticationProvider bean with name authenticationProvider
2026-07-11 17:51:17.945 WARN  [restartedMain] o.s.s.c.a.a.c.InitializeUserDetailsBeanManagerConfigurer$InitializeUserDetailsManagerConfigurer - Global AuthenticationManager configured with an AuthenticationProvider bean. UserDetailsService beans will not be used by Spring Security for automatically configuring username/password login. Consider removing the AuthenticationProvider bean. Alternatively, consider using the UserDetailsService in a manually instantiated DaoAuthenticationProvider. If the current configuration is intentional, to turn off this warning, increase the logging level of 'org.springframework.security.config.annotation.authentication.configuration.InitializeUserDetailsBeanManagerConfigurer' to ERROR
2026-07-11 17:51:18.090 INFO  [restartedMain] o.s.d.j.r.query.QueryEnhancerFactory - Hibernate is in classpath; If applicable, HQL parser will be used.
2026-07-11 17:51:19.430 WARN  [restartedMain] o.s.b.a.o.j.JpaBaseConfiguration$JpaWebConfiguration - spring.jpa.open-in-view is enabled by default. Therefore, database queries may be performed during view rendering. Explicitly configure spring.jpa.open-in-view to disable this warning
2026-07-11 17:51:20.727 INFO  [restartedMain] o.s.b.d.a.OptionalLiveReloadServer - LiveReload server is running on port 35729
2026-07-11 17:51:20.808 INFO  [restartedMain] o.s.b.w.e.tomcat.TomcatWebServer - Tomcat started on port 8080 (http) with context path '/'
2026-07-11 17:51:20.834 INFO  [restartedMain] c.prog.EnotesApiServiceApplication - Started EnotesApiServiceApplication in 8.74 seconds (process running for 9.413)
2026-07-11 17:52:26.185 INFO  [http-nio-8080-exec-1] o.a.c.c.C.[Tomcat].[localhost].[/] - Initializing Spring DispatcherServlet 'dispatcherServlet'
2026-07-11 17:52:26.185 INFO  [http-nio-8080-exec-1] o.s.web.servlet.DispatcherServlet - Initializing Servlet 'dispatcherServlet'
2026-07-11 17:52:26.188 INFO  [http-nio-8080-exec-1] o.s.web.servlet.DispatcherServlet - Completed initialization in 2 ms
2026-07-11 17:52:26.213 INFO  [http-nio-8080-exec-1] com.prog.config.security.JwtFilter - JwtFilter : doFilterInternal() : Processing request /swagger-ui/index.html
2026-07-11 17:53:42.727 INFO  [File Watcher] o.s.b.d.a.LocalDevToolsAutoConfiguration$RestartingClassPathChangeChangedEventListener - Restarting due to 1 class path change (0 additions, 0 deletions, 1 modification)
2026-07-11 17:53:42.734 INFO  [Thread-5] o.s.b.w.e.tomcat.GracefulShutdown - Commencing graceful shutdown. Waiting for active requests to complete
2026-07-11 17:53:42.742 INFO  [tomcat-shutdown] o.s.b.w.e.tomcat.GracefulShutdown - Graceful shutdown complete
2026-07-11 17:53:42.751 INFO  [Thread-5] o.s.o.j.LocalContainerEntityManagerFactoryBean - Closing JPA EntityManagerFactory for persistence unit 'default'
2026-07-11 17:53:42.755 INFO  [Thread-5] com.zaxxer.hikari.HikariDataSource - HikariPool-1 - Shutdown initiated...
2026-07-11 17:53:42.768 INFO  [Thread-5] com.zaxxer.hikari.HikariDataSource - HikariPool-1 - Shutdown completed.
2026-07-11 17:53:42.898 INFO  [restartedMain] c.prog.EnotesApiServiceApplication - Starting EnotesApiServiceApplication using Java 21.0.4 with PID 32052 (D:\java\spring\Enotes-api-Service\target\classes started by HP in D:\java\spring\Enotes-api-Service)
2026-07-11 17:53:42.898 INFO  [restartedMain] c.prog.EnotesApiServiceApplication - The following 1 profile is active: "dev"
2026-07-11 17:53:43.177 INFO  [restartedMain] o.s.d.r.c.RepositoryConfigurationDelegate - Bootstrapping Spring Data JPA repositories in DEFAULT mode.
2026-07-11 17:53:43.213 INFO  [restartedMain] o.s.d.r.c.RepositoryConfigurationDelegate - Finished Spring Data repository scanning in 32 ms. Found 7 JPA repository interfaces.
2026-07-11 17:53:43.399 INFO  [restartedMain] o.s.b.w.e.tomcat.TomcatWebServer - Tomcat initialized with port 8080 (http)
2026-07-11 17:53:43.402 INFO  [restartedMain] o.a.catalina.core.StandardService - Starting service [Tomcat]
2026-07-11 17:53:43.404 INFO  [restartedMain] o.a.catalina.core.StandardEngine - Starting Servlet engine: [Apache Tomcat/10.1.55]
2026-07-11 17:53:43.433 INFO  [restartedMain] o.a.c.c.C.[Tomcat].[localhost].[/] - Initializing Spring embedded WebApplicationContext
2026-07-11 17:53:43.433 INFO  [restartedMain] o.s.b.w.s.c.ServletWebServerApplicationContext - Root WebApplicationContext: initialization completed in 532 ms
2026-07-11 17:53:43.518 INFO  [restartedMain] o.h.jpa.internal.util.LogHelper - HHH000204: Processing PersistenceUnitInfo [name: default]
2026-07-11 17:53:43.522 INFO  [restartedMain] o.h.c.i.RegionFactoryInitiator - HHH000026: Second-level cache disabled
2026-07-11 17:53:43.538 INFO  [restartedMain] o.s.o.j.p.SpringPersistenceUnitInfo - No LoadTimeWeaver setup: ignoring JPA class transformer
2026-07-11 17:53:43.540 INFO  [restartedMain] com.zaxxer.hikari.HikariDataSource - HikariPool-2 - Starting...
2026-07-11 17:53:43.562 INFO  [restartedMain] com.zaxxer.hikari.pool.HikariPool - HikariPool-2 - Added connection com.mysql.cj.jdbc.ConnectionImpl@7f0ae06a
2026-07-11 17:53:43.562 INFO  [restartedMain] com.zaxxer.hikari.HikariDataSource - HikariPool-2 - Start completed.
2026-07-11 17:53:43.563 WARN  [restartedMain] org.hibernate.orm.deprecation - HHH90000025: MySQL8Dialect does not need to be specified explicitly using 'hibernate.dialect' (remove the property setting and it will be selected by default)
2026-07-11 17:53:43.563 WARN  [restartedMain] org.hibernate.orm.deprecation - HHH90000026: MySQL8Dialect has been deprecated; use org.hibernate.dialect.MySQLDialect instead
2026-07-11 17:53:43.564 INFO  [restartedMain] o.hibernate.orm.connections.pooling - HHH10001005: Database info:
	Database JDBC URL [Connecting through datasource 'HikariDataSource (HikariPool-2)']
	Database driver: undefined/unknown
	Database version: 8.0
	Autocommit mode: undefined/unknown
	Isolation level: undefined/unknown
	Minimum pool size: undefined/unknown
	Maximum pool size: undefined/unknown
2026-07-11 17:53:43.733 INFO  [restartedMain] o.h.e.t.j.p.i.JtaPlatformInitiator - HHH000489: No JTA platform available (set 'hibernate.transaction.jta.platform' to enable JTA platform integration)
2026-07-11 17:53:43.734 INFO  [restartedMain] o.s.o.j.LocalContainerEntityManagerFactoryBean - Initialized JPA EntityManagerFactory for persistence unit 'default'
2026-07-11 17:53:43.923 INFO  [restartedMain] o.s.s.c.a.a.c.InitializeAuthenticationProviderBeanManagerConfigurer$InitializeAuthenticationProviderManagerConfigurer - Global AuthenticationManager configured with AuthenticationProvider bean with name authenticationProvider
2026-07-11 17:53:43.924 WARN  [restartedMain] o.s.s.c.a.a.c.InitializeUserDetailsBeanManagerConfigurer$InitializeUserDetailsManagerConfigurer - Global AuthenticationManager configured with an AuthenticationProvider bean. UserDetailsService beans will not be used by Spring Security for automatically configuring username/password login. Consider removing the AuthenticationProvider bean. Alternatively, consider using the UserDetailsService in a manually instantiated DaoAuthenticationProvider. If the current configuration is intentional, to turn off this warning, increase the logging level of 'org.springframework.security.config.annotation.authentication.configuration.InitializeUserDetailsBeanManagerConfigurer' to ERROR
2026-07-11 17:53:44.092 WARN  [restartedMain] o.s.b.a.o.j.JpaBaseConfiguration$JpaWebConfiguration - spring.jpa.open-in-view is enabled by default. Therefore, database queries may be performed during view rendering. Explicitly configure spring.jpa.open-in-view to disable this warning
2026-07-11 17:53:44.449 INFO  [restartedMain] o.s.b.d.a.OptionalLiveReloadServer - LiveReload server is running on port 35729
2026-07-11 17:53:44.473 INFO  [restartedMain] o.s.b.w.e.tomcat.TomcatWebServer - Tomcat started on port 8080 (http) with context path '/'
2026-07-11 17:53:44.480 INFO  [restartedMain] c.prog.EnotesApiServiceApplication - Started EnotesApiServiceApplication in 1.657 seconds (process running for 153.059)
2026-07-11 17:53:44.483 INFO  [restartedMain] o.s.b.d.a.ConditionEvaluationDeltaLoggingListener - Condition evaluation unchanged
2026-07-11 17:53:50.959 INFO  [http-nio-8080-exec-1] o.a.c.c.C.[Tomcat].[localhost].[/] - Initializing Spring DispatcherServlet 'dispatcherServlet'
2026-07-11 17:53:50.959 INFO  [http-nio-8080-exec-1] o.s.web.servlet.DispatcherServlet - Initializing Servlet 'dispatcherServlet'
2026-07-11 17:53:50.962 INFO  [http-nio-8080-exec-1] o.s.web.servlet.DispatcherServlet - Completed initialization in 2 ms
2026-07-11 17:53:50.965 INFO  [http-nio-8080-exec-1] com.prog.config.security.JwtFilter - JwtFilter : doFilterInternal() : Processing request /swagger-ui/index.html
2026-07-11 17:53:51.040 INFO  [http-nio-8080-exec-2] com.prog.config.security.JwtFilter - JwtFilter : doFilterInternal() : Processing request /swagger-ui/swagger-ui.css
2026-07-11 17:53:51.040 INFO  [http-nio-8080-exec-3] com.prog.config.security.JwtFilter - JwtFilter : doFilterInternal() : Processing request /swagger-ui/index.css
2026-07-11 17:53:51.041 INFO  [http-nio-8080-exec-4] com.prog.config.security.JwtFilter - JwtFilter : doFilterInternal() : Processing request /swagger-ui/swagger-ui-bundle.js
2026-07-11 17:53:51.042 INFO  [http-nio-8080-exec-6] com.prog.config.security.JwtFilter - JwtFilter : doFilterInternal() : Processing request /swagger-ui/swagger-initializer.js
2026-07-11 17:53:51.042 INFO  [http-nio-8080-exec-5] com.prog.config.security.JwtFilter - JwtFilter : doFilterInternal() : Processing request /swagger-ui/swagger-ui-standalone-preset.js
2026-07-11 17:53:51.237 INFO  [http-nio-8080-exec-7] com.prog.config.security.JwtFilter - JwtFilter : doFilterInternal() : Processing request /v3/api-docs/swagger-config
2026-07-11 17:53:51.243 INFO  [http-nio-8080-exec-8] com.prog.config.security.JwtFilter - JwtFilter : doFilterInternal() : Processing request /swagger-ui/favicon-32x32.png
2026-07-11 17:54:26.490 INFO  [File Watcher] o.s.b.d.a.LocalDevToolsAutoConfiguration$RestartingClassPathChangeChangedEventListener - Restarting due to 1 class path change (0 additions, 0 deletions, 1 modification)
2026-07-11 17:54:26.491 INFO  [Thread-7] o.s.b.w.e.tomcat.GracefulShutdown - Commencing graceful shutdown. Waiting for active requests to complete
2026-07-11 17:54:26.499 INFO  [tomcat-shutdown] o.s.b.w.e.tomcat.GracefulShutdown - Graceful shutdown complete
2026-07-11 17:54:26.503 INFO  [Thread-7] o.s.o.j.LocalContainerEntityManagerFactoryBean - Closing JPA EntityManagerFactory for persistence unit 'default'
2026-07-11 17:54:26.503 INFO  [Thread-7] com.zaxxer.hikari.HikariDataSource - HikariPool-2 - Shutdown initiated...
2026-07-11 17:54:26.509 INFO  [Thread-7] com.zaxxer.hikari.HikariDataSource - HikariPool-2 - Shutdown completed.
2026-07-11 17:54:26.597 INFO  [restartedMain] c.prog.EnotesApiServiceApplication - Starting EnotesApiServiceApplication using Java 21.0.4 with PID 32052 (D:\java\spring\Enotes-api-Service\target\classes started by HP in D:\java\spring\Enotes-api-Service)
2026-07-11 17:54:26.597 INFO  [restartedMain] c.prog.EnotesApiServiceApplication - The following 1 profile is active: "dev"
2026-07-11 17:54:26.773 INFO  [restartedMain] o.s.d.r.c.RepositoryConfigurationDelegate - Bootstrapping Spring Data JPA repositories in DEFAULT mode.
2026-07-11 17:54:26.810 INFO  [restartedMain] o.s.d.r.c.RepositoryConfigurationDelegate - Finished Spring Data repository scanning in 34 ms. Found 7 JPA repository interfaces.
2026-07-11 17:54:26.950 INFO  [restartedMain] o.s.b.w.e.tomcat.TomcatWebServer - Tomcat initialized with port 8080 (http)
2026-07-11 17:54:26.953 INFO  [restartedMain] o.a.catalina.core.StandardService - Starting service [Tomcat]
2026-07-11 17:54:26.953 INFO  [restartedMain] o.a.catalina.core.StandardEngine - Starting Servlet engine: [Apache Tomcat/10.1.55]
2026-07-11 17:54:26.972 INFO  [restartedMain] o.a.c.c.C.[Tomcat].[localhost].[/] - Initializing Spring embedded WebApplicationContext
2026-07-11 17:54:26.972 INFO  [restartedMain] o.s.b.w.s.c.ServletWebServerApplicationContext - Root WebApplicationContext: initialization completed in 372 ms
2026-07-11 17:54:27.019 INFO  [restartedMain] o.h.jpa.internal.util.LogHelper - HHH000204: Processing PersistenceUnitInfo [name: default]
2026-07-11 17:54:27.022 INFO  [restartedMain] o.h.c.i.RegionFactoryInitiator - HHH000026: Second-level cache disabled
2026-07-11 17:54:27.033 INFO  [restartedMain] o.s.o.j.p.SpringPersistenceUnitInfo - No LoadTimeWeaver setup: ignoring JPA class transformer
2026-07-11 17:54:27.037 INFO  [restartedMain] com.zaxxer.hikari.HikariDataSource - HikariPool-3 - Starting...
2026-07-11 17:54:27.054 INFO  [restartedMain] com.zaxxer.hikari.pool.HikariPool - HikariPool-3 - Added connection com.mysql.cj.jdbc.ConnectionImpl@7421d6b9
2026-07-11 17:54:27.055 INFO  [restartedMain] com.zaxxer.hikari.HikariDataSource - HikariPool-3 - Start completed.
2026-07-11 17:54:27.055 WARN  [restartedMain] org.hibernate.orm.deprecation - HHH90000025: MySQL8Dialect does not need to be specified explicitly using 'hibernate.dialect' (remove the property setting and it will be selected by default)
2026-07-11 17:54:27.055 WARN  [restartedMain] org.hibernate.orm.deprecation - HHH90000026: MySQL8Dialect has been deprecated; use org.hibernate.dialect.MySQLDialect instead
2026-07-11 17:54:27.056 INFO  [restartedMain] o.hibernate.orm.connections.pooling - HHH10001005: Database info:
	Database JDBC URL [Connecting through datasource 'HikariDataSource (HikariPool-3)']
	Database driver: undefined/unknown
	Database version: 8.0
	Autocommit mode: undefined/unknown
	Isolation level: undefined/unknown
	Minimum pool size: undefined/unknown
	Maximum pool size: undefined/unknown
2026-07-11 17:54:27.237 INFO  [restartedMain] o.h.e.t.j.p.i.JtaPlatformInitiator - HHH000489: No JTA platform available (set 'hibernate.transaction.jta.platform' to enable JTA platform integration)
2026-07-11 17:54:27.237 INFO  [restartedMain] o.s.o.j.LocalContainerEntityManagerFactoryBean - Initialized JPA EntityManagerFactory for persistence unit 'default'
2026-07-11 17:54:27.367 INFO  [restartedMain] o.s.s.c.a.a.c.InitializeAuthenticationProviderBeanManagerConfigurer$InitializeAuthenticationProviderManagerConfigurer - Global AuthenticationManager configured with AuthenticationProvider bean with name authenticationProvider
2026-07-11 17:54:27.368 WARN  [restartedMain] o.s.s.c.a.a.c.InitializeUserDetailsBeanManagerConfigurer$InitializeUserDetailsManagerConfigurer - Global AuthenticationManager configured with an AuthenticationProvider bean. UserDetailsService beans will not be used by Spring Security for automatically configuring username/password login. Consider removing the AuthenticationProvider bean. Alternatively, consider using the UserDetailsService in a manually instantiated DaoAuthenticationProvider. If the current configuration is intentional, to turn off this warning, increase the logging level of 'org.springframework.security.config.annotation.authentication.configuration.InitializeUserDetailsBeanManagerConfigurer' to ERROR
2026-07-11 17:54:27.533 WARN  [restartedMain] o.s.b.a.o.j.JpaBaseConfiguration$JpaWebConfiguration - spring.jpa.open-in-view is enabled by default. Therefore, database queries may be performed during view rendering. Explicitly configure spring.jpa.open-in-view to disable this warning
2026-07-11 17:54:27.809 INFO  [restartedMain] o.s.b.d.a.OptionalLiveReloadServer - LiveReload server is running on port 35729
2026-07-11 17:54:27.828 INFO  [restartedMain] o.s.b.w.e.tomcat.TomcatWebServer - Tomcat started on port 8080 (http) with context path '/'
2026-07-11 17:54:27.833 INFO  [restartedMain] c.prog.EnotesApiServiceApplication - Started EnotesApiServiceApplication in 1.275 seconds (process running for 196.412)
2026-07-11 17:54:27.836 INFO  [restartedMain] o.s.b.d.a.ConditionEvaluationDeltaLoggingListener - Condition evaluation unchanged
2026-07-11 17:54:35.057 INFO  [http-nio-8080-exec-1] o.a.c.c.C.[Tomcat].[localhost].[/] - Initializing Spring DispatcherServlet 'dispatcherServlet'
2026-07-11 17:54:35.057 INFO  [http-nio-8080-exec-1] o.s.web.servlet.DispatcherServlet - Initializing Servlet 'dispatcherServlet'
2026-07-11 17:54:35.060 INFO  [http-nio-8080-exec-1] o.s.web.servlet.DispatcherServlet - Completed initialization in 3 ms
2026-07-11 17:54:35.062 INFO  [http-nio-8080-exec-1] com.prog.config.security.JwtFilter - JwtFilter : doFilterInternal() : Processing request /swagger-ui/index.html
2026-07-11 17:54:35.097 INFO  [http-nio-8080-exec-2] com.prog.config.security.JwtFilter - JwtFilter : doFilterInternal() : Processing request /swagger-ui/swagger-ui.css
2026-07-11 17:54:35.099 INFO  [http-nio-8080-exec-3] com.prog.config.security.JwtFilter - JwtFilter : doFilterInternal() : Processing request /swagger-ui/index.css
2026-07-11 17:54:35.103 INFO  [http-nio-8080-exec-4] com.prog.config.security.JwtFilter - JwtFilter : doFilterInternal() : Processing request /swagger-ui/swagger-ui-bundle.js
2026-07-11 17:54:35.107 INFO  [http-nio-8080-exec-7] com.prog.config.security.JwtFilter - JwtFilter : doFilterInternal() : Processing request /swagger-ui/swagger-ui-standalone-preset.js
2026-07-11 17:54:35.107 INFO  [http-nio-8080-exec-6] com.prog.config.security.JwtFilter - JwtFilter : doFilterInternal() : Processing request /swagger-ui/swagger-initializer.js
2026-07-11 17:54:35.229 INFO  [http-nio-8080-exec-9] com.prog.config.security.JwtFilter - JwtFilter : doFilterInternal() : Processing request /v3/api-docs/swagger-config
2026-07-11 17:54:35.231 INFO  [http-nio-8080-exec-10] com.prog.config.security.JwtFilter - JwtFilter : doFilterInternal() : Processing request /swagger-ui/favicon-32x32.png
2026-07-11 17:54:35.313 INFO  [http-nio-8080-exec-5] com.prog.config.security.JwtFilter - JwtFilter : doFilterInternal() : Processing request /v3/api-docs
2026-07-11 17:54:35.562 ERROR [http-nio-8080-exec-5] c.p.exception.GlobalExceptionHandler - GlobalExceptionHandler : handleException() : Handler dispatch failed: java.lang.NoSuchMethodError: 'void org.springframework.web.method.ControllerAdviceBean.<init>(java.lang.Object)'
2026-07-11 17:54:35.569 WARN  [http-nio-8080-exec-5] o.s.w.s.m.m.a.ExceptionHandlerExceptionResolver - Resolved [jakarta.servlet.ServletException: Handler dispatch failed: java.lang.NoSuchMethodError: 'void org.springframework.web.method.ControllerAdviceBean.<init>(java.lang.Object)']
2026-07-11 17:55:17.476 INFO  [File Watcher] o.s.b.d.a.LocalDevToolsAutoConfiguration$RestartingClassPathChangeChangedEventListener - Restarting due to 1 class path change (0 additions, 0 deletions, 1 modification)
2026-07-11 17:55:17.501 INFO  [Thread-11] o.s.b.w.e.tomcat.GracefulShutdown - Commencing graceful shutdown. Waiting for active requests to complete
2026-07-11 17:55:17.537 INFO  [tomcat-shutdown] o.s.b.w.e.tomcat.GracefulShutdown - Graceful shutdown complete
2026-07-11 17:55:17.544 INFO  [Thread-11] o.s.o.j.LocalContainerEntityManagerFactoryBean - Closing JPA EntityManagerFactory for persistence unit 'default'
2026-07-11 17:55:17.545 INFO  [Thread-11] com.zaxxer.hikari.HikariDataSource - HikariPool-3 - Shutdown initiated...
2026-07-11 17:55:17.555 INFO  [Thread-11] com.zaxxer.hikari.HikariDataSource - HikariPool-3 - Shutdown completed.
2026-07-11 17:55:17.653 INFO  [restartedMain] c.prog.EnotesApiServiceApplication - Starting EnotesApiServiceApplication using Java 21.0.4 with PID 32052 (D:\java\spring\Enotes-api-Service\target\classes started by HP in D:\java\spring\Enotes-api-Service)
2026-07-11 17:55:17.653 INFO  [restartedMain] c.prog.EnotesApiServiceApplication - The following 1 profile is active: "dev"
2026-07-11 17:55:17.843 INFO  [restartedMain] o.s.d.r.c.RepositoryConfigurationDelegate - Bootstrapping Spring Data JPA repositories in DEFAULT mode.
2026-07-11 17:55:17.869 INFO  [restartedMain] o.s.d.r.c.RepositoryConfigurationDelegate - Finished Spring Data repository scanning in 25 ms. Found 7 JPA repository interfaces.
2026-07-11 17:55:18.022 INFO  [restartedMain] o.s.b.w.e.tomcat.TomcatWebServer - Tomcat initialized with port 8080 (http)
2026-07-11 17:55:18.024 INFO  [restartedMain] o.a.catalina.core.StandardService - Starting service [Tomcat]
2026-07-11 17:55:18.025 INFO  [restartedMain] o.a.catalina.core.StandardEngine - Starting Servlet engine: [Apache Tomcat/10.1.55]
2026-07-11 17:55:18.051 INFO  [restartedMain] o.a.c.c.C.[Tomcat].[localhost].[/] - Initializing Spring embedded WebApplicationContext
2026-07-11 17:55:18.051 INFO  [restartedMain] o.s.b.w.s.c.ServletWebServerApplicationContext - Root WebApplicationContext: initialization completed in 396 ms
2026-07-11 17:55:18.116 INFO  [restartedMain] o.h.jpa.internal.util.LogHelper - HHH000204: Processing PersistenceUnitInfo [name: default]
2026-07-11 17:55:18.118 INFO  [restartedMain] o.h.c.i.RegionFactoryInitiator - HHH000026: Second-level cache disabled
2026-07-11 17:55:18.128 INFO  [restartedMain] o.s.o.j.p.SpringPersistenceUnitInfo - No LoadTimeWeaver setup: ignoring JPA class transformer
2026-07-11 17:55:18.130 INFO  [restartedMain] com.zaxxer.hikari.HikariDataSource - HikariPool-4 - Starting...
2026-07-11 17:55:18.145 INFO  [restartedMain] com.zaxxer.hikari.pool.HikariPool - HikariPool-4 - Added connection com.mysql.cj.jdbc.ConnectionImpl@e8a4a6c
2026-07-11 17:55:18.145 INFO  [restartedMain] com.zaxxer.hikari.HikariDataSource - HikariPool-4 - Start completed.
2026-07-11 17:55:18.145 WARN  [restartedMain] org.hibernate.orm.deprecation - HHH90000025: MySQL8Dialect does not need to be specified explicitly using 'hibernate.dialect' (remove the property setting and it will be selected by default)
2026-07-11 17:55:18.146 WARN  [restartedMain] org.hibernate.orm.deprecation - HHH90000026: MySQL8Dialect has been deprecated; use org.hibernate.dialect.MySQLDialect instead
2026-07-11 17:55:18.146 INFO  [restartedMain] o.hibernate.orm.connections.pooling - HHH10001005: Database info:
	Database JDBC URL [Connecting through datasource 'HikariDataSource (HikariPool-4)']
	Database driver: undefined/unknown
	Database version: 8.0
	Autocommit mode: undefined/unknown
	Isolation level: undefined/unknown
	Minimum pool size: undefined/unknown
	Maximum pool size: undefined/unknown
2026-07-11 17:55:18.253 INFO  [restartedMain] o.h.e.t.j.p.i.JtaPlatformInitiator - HHH000489: No JTA platform available (set 'hibernate.transaction.jta.platform' to enable JTA platform integration)
2026-07-11 17:55:18.254 INFO  [restartedMain] o.s.o.j.LocalContainerEntityManagerFactoryBean - Initialized JPA EntityManagerFactory for persistence unit 'default'
2026-07-11 17:55:18.467 INFO  [restartedMain] o.s.s.c.a.a.c.InitializeAuthenticationProviderBeanManagerConfigurer$InitializeAuthenticationProviderManagerConfigurer - Global AuthenticationManager configured with AuthenticationProvider bean with name authenticationProvider
2026-07-11 17:55:18.467 WARN  [restartedMain] o.s.s.c.a.a.c.InitializeUserDetailsBeanManagerConfigurer$InitializeUserDetailsManagerConfigurer - Global AuthenticationManager configured with an AuthenticationProvider bean. UserDetailsService beans will not be used by Spring Security for automatically configuring username/password login. Consider removing the AuthenticationProvider bean. Alternatively, consider using the UserDetailsService in a manually instantiated DaoAuthenticationProvider. If the current configuration is intentional, to turn off this warning, increase the logging level of 'org.springframework.security.config.annotation.authentication.configuration.InitializeUserDetailsBeanManagerConfigurer' to ERROR
2026-07-11 17:55:18.671 WARN  [restartedMain] o.s.b.a.o.j.JpaBaseConfiguration$JpaWebConfiguration - spring.jpa.open-in-view is enabled by default. Therefore, database queries may be performed during view rendering. Explicitly configure spring.jpa.open-in-view to disable this warning
2026-07-11 17:55:19.066 INFO  [restartedMain] o.s.b.d.a.OptionalLiveReloadServer - LiveReload server is running on port 35729
2026-07-11 17:55:19.084 INFO  [restartedMain] o.s.b.w.e.tomcat.TomcatWebServer - Tomcat started on port 8080 (http) with context path '/'
2026-07-11 17:55:19.090 INFO  [restartedMain] c.prog.EnotesApiServiceApplication - Started EnotesApiServiceApplication in 1.482 seconds (process running for 247.668)
2026-07-11 17:55:19.091 INFO  [restartedMain] o.s.b.d.a.ConditionEvaluationDeltaLoggingListener - Condition evaluation unchanged
2026-07-11 17:55:19.879 INFO  [http-nio-8080-exec-1] o.a.c.c.C.[Tomcat].[localhost].[/] - Initializing Spring DispatcherServlet 'dispatcherServlet'
2026-07-11 17:55:19.879 INFO  [http-nio-8080-exec-1] o.s.web.servlet.DispatcherServlet - Initializing Servlet 'dispatcherServlet'
2026-07-11 17:55:19.881 INFO  [http-nio-8080-exec-1] o.s.web.servlet.DispatcherServlet - Completed initialization in 2 ms
2026-07-11 17:55:19.882 INFO  [http-nio-8080-exec-1] com.prog.config.security.JwtFilter - JwtFilter : doFilterInternal() : Processing request /swagger-ui/index.html
2026-07-11 17:55:19.917 INFO  [http-nio-8080-exec-3] com.prog.config.security.JwtFilter - JwtFilter : doFilterInternal() : Processing request /swagger-ui/swagger-ui.css
2026-07-11 17:55:19.917 INFO  [http-nio-8080-exec-4] com.prog.config.security.JwtFilter - JwtFilter : doFilterInternal() : Processing request /swagger-ui/index.css
2026-07-11 17:55:19.919 INFO  [http-nio-8080-exec-5] com.prog.config.security.JwtFilter - JwtFilter : doFilterInternal() : Processing request /swagger-ui/swagger-ui-bundle.js
2026-07-11 17:55:19.919 INFO  [http-nio-8080-exec-6] com.prog.config.security.JwtFilter - JwtFilter : doFilterInternal() : Processing request /swagger-ui/swagger-ui-standalone-preset.js
2026-07-11 17:55:19.926 INFO  [http-nio-8080-exec-7] com.prog.config.security.JwtFilter - JwtFilter : doFilterInternal() : Processing request /swagger-ui/swagger-initializer.js
2026-07-11 17:55:20.044 INFO  [http-nio-8080-exec-8] com.prog.config.security.JwtFilter - JwtFilter : doFilterInternal() : Processing request /v3/api-docs/swagger-config
2026-07-11 17:55:20.044 INFO  [http-nio-8080-exec-9] com.prog.config.security.JwtFilter - JwtFilter : doFilterInternal() : Processing request /swagger-ui/favicon-32x32.png
2026-07-11 17:55:20.056 INFO  [http-nio-8080-exec-10] com.prog.config.security.JwtFilter - JwtFilter : doFilterInternal() : Processing request /v3/api-docs
2026-07-11 17:55:20.130 ERROR [http-nio-8080-exec-10] c.p.exception.GlobalExceptionHandler - GlobalExceptionHandler : handleException() : Handler dispatch failed: java.lang.NoSuchMethodError: 'void org.springframework.web.method.ControllerAdviceBean.<init>(java.lang.Object)'
2026-07-11 17:55:20.134 WARN  [http-nio-8080-exec-10] o.s.w.s.m.m.a.ExceptionHandlerExceptionResolver - Resolved [jakarta.servlet.ServletException: Handler dispatch failed: java.lang.NoSuchMethodError: 'void org.springframework.web.method.ControllerAdviceBean.<init>(java.lang.Object)']
2026-07-11 17:56:19.744 INFO  [http-nio-8080-exec-2] com.prog.config.security.JwtFilter - JwtFilter : doFilterInternal() : Processing request /v3/api-docs
2026-07-11 17:56:19.847 ERROR [http-nio-8080-exec-2] c.p.exception.GlobalExceptionHandler - GlobalExceptionHandler : handleException() : Handler dispatch failed: java.lang.NoSuchMethodError: 'void org.springframework.web.method.ControllerAdviceBean.<init>(java.lang.Object)'
2026-07-11 17:56:19.852 WARN  [http-nio-8080-exec-2] o.s.w.s.m.m.a.ExceptionHandlerExceptionResolver - Resolved [jakarta.servlet.ServletException: Handler dispatch failed: java.lang.NoSuchMethodError: 'void org.springframework.web.method.ControllerAdviceBean.<init>(java.lang.Object)']
2026-07-11 17:56:19.903 INFO  [http-nio-8080-exec-1] com.prog.config.security.JwtFilter - JwtFilter : doFilterInternal() : Processing request /favicon.ico
2026-07-11 17:58:05.365 INFO  [File Watcher] o.s.b.d.a.LocalDevToolsAutoConfiguration$RestartingClassPathChangeChangedEventListener - Restarting due to 3 class path changes (0 additions, 0 deletions, 3 modifications)
2026-07-11 17:58:05.372 INFO  [Thread-15] o.s.b.w.e.tomcat.GracefulShutdown - Commencing graceful shutdown. Waiting for active requests to complete
2026-07-11 17:58:05.636 INFO  [tomcat-shutdown] o.s.b.w.e.tomcat.GracefulShutdown - Graceful shutdown complete
2026-07-11 17:58:06.064 INFO  [Thread-15] o.s.o.j.LocalContainerEntityManagerFactoryBean - Closing JPA EntityManagerFactory for persistence unit 'default'
2026-07-11 17:58:06.066 INFO  [Thread-15] com.zaxxer.hikari.HikariDataSource - HikariPool-4 - Shutdown initiated...
2026-07-11 17:58:06.169 INFO  [Thread-15] com.zaxxer.hikari.HikariDataSource - HikariPool-4 - Shutdown completed.
2026-07-11 17:58:07.347 INFO  [restartedMain] c.prog.EnotesApiServiceApplication - Starting EnotesApiServiceApplication using Java 21.0.4 with PID 32052 (D:\java\spring\Enotes-api-Service\target\classes started by HP in D:\java\spring\Enotes-api-Service)
2026-07-11 17:58:07.349 INFO  [restartedMain] c.prog.EnotesApiServiceApplication - The following 1 profile is active: "dev"
2026-07-11 17:58:08.625 INFO  [restartedMain] o.s.d.r.c.RepositoryConfigurationDelegate - Bootstrapping Spring Data JPA repositories in DEFAULT mode.
2026-07-11 17:58:08.815 INFO  [restartedMain] o.s.d.r.c.RepositoryConfigurationDelegate - Finished Spring Data repository scanning in 189 ms. Found 7 JPA repository interfaces.
2026-07-11 17:58:09.717 INFO  [restartedMain] o.s.b.w.e.tomcat.TomcatWebServer - Tomcat initialized with port 8080 (http)
2026-07-11 17:58:09.717 INFO  [restartedMain] o.a.catalina.core.StandardService - Starting service [Tomcat]
2026-07-11 17:58:09.718 INFO  [restartedMain] o.a.catalina.core.StandardEngine - Starting Servlet engine: [Apache Tomcat/10.1.55]
2026-07-11 17:58:09.760 INFO  [restartedMain] o.a.c.c.C.[Tomcat].[localhost].[/] - Initializing Spring embedded WebApplicationContext
2026-07-11 17:58:09.760 INFO  [restartedMain] o.s.b.w.s.c.ServletWebServerApplicationContext - Root WebApplicationContext: initialization completed in 2403 ms
2026-07-11 17:58:09.878 INFO  [restartedMain] o.h.jpa.internal.util.LogHelper - HHH000204: Processing PersistenceUnitInfo [name: default]
2026-07-11 17:58:09.882 INFO  [restartedMain] o.h.c.i.RegionFactoryInitiator - HHH000026: Second-level cache disabled
2026-07-11 17:58:09.930 INFO  [restartedMain] o.s.o.j.p.SpringPersistenceUnitInfo - No LoadTimeWeaver setup: ignoring JPA class transformer
2026-07-11 17:58:09.933 INFO  [restartedMain] com.zaxxer.hikari.HikariDataSource - HikariPool-5 - Starting...
2026-07-11 17:58:10.170 INFO  [restartedMain] com.zaxxer.hikari.pool.HikariPool - HikariPool-5 - Added connection com.mysql.cj.jdbc.ConnectionImpl@8554290
2026-07-11 17:58:10.170 INFO  [restartedMain] com.zaxxer.hikari.HikariDataSource - HikariPool-5 - Start completed.
2026-07-11 17:58:10.171 WARN  [restartedMain] org.hibernate.orm.deprecation - HHH90000025: MySQL8Dialect does not need to be specified explicitly using 'hibernate.dialect' (remove the property setting and it will be selected by default)
2026-07-11 17:58:10.172 WARN  [restartedMain] org.hibernate.orm.deprecation - HHH90000026: MySQL8Dialect has been deprecated; use org.hibernate.dialect.MySQLDialect instead
2026-07-11 17:58:10.172 INFO  [restartedMain] o.hibernate.orm.connections.pooling - HHH10001005: Database info:
	Database JDBC URL [Connecting through datasource 'HikariDataSource (HikariPool-5)']
	Database driver: undefined/unknown
	Database version: 8.0
	Autocommit mode: undefined/unknown
	Isolation level: undefined/unknown
	Minimum pool size: undefined/unknown
	Maximum pool size: undefined/unknown
2026-07-11 17:58:11.655 INFO  [restartedMain] o.h.e.t.j.p.i.JtaPlatformInitiator - HHH000489: No JTA platform available (set 'hibernate.transaction.jta.platform' to enable JTA platform integration)
2026-07-11 17:58:11.663 INFO  [restartedMain] o.s.o.j.LocalContainerEntityManagerFactoryBean - Initialized JPA EntityManagerFactory for persistence unit 'default'
2026-07-11 17:58:12.403 INFO  [restartedMain] o.s.s.c.a.a.c.InitializeAuthenticationProviderBeanManagerConfigurer$InitializeAuthenticationProviderManagerConfigurer - Global AuthenticationManager configured with AuthenticationProvider bean with name authenticationProvider
2026-07-11 17:58:12.403 WARN  [restartedMain] o.s.s.c.a.a.c.InitializeUserDetailsBeanManagerConfigurer$InitializeUserDetailsManagerConfigurer - Global AuthenticationManager configured with an AuthenticationProvider bean. UserDetailsService beans will not be used by Spring Security for automatically configuring username/password login. Consider removing the AuthenticationProvider bean. Alternatively, consider using the UserDetailsService in a manually instantiated DaoAuthenticationProvider. If the current configuration is intentional, to turn off this warning, increase the logging level of 'org.springframework.security.config.annotation.authentication.configuration.InitializeUserDetailsBeanManagerConfigurer' to ERROR
2026-07-11 17:58:12.788 WARN  [restartedMain] o.s.b.w.s.c.AnnotationConfigServletWebServerApplicationContext - Exception encountered during context initialization - cancelling refresh attempt: org.springframework.beans.factory.BeanCreationException: Error creating bean with name 'homeController': Lookup method resolution failed
2026-07-11 17:58:12.790 INFO  [restartedMain] o.s.o.j.LocalContainerEntityManagerFactoryBean - Closing JPA EntityManagerFactory for persistence unit 'default'
2026-07-11 17:58:12.792 INFO  [restartedMain] com.zaxxer.hikari.HikariDataSource - HikariPool-5 - Shutdown initiated...
2026-07-11 17:58:12.824 INFO  [restartedMain] com.zaxxer.hikari.HikariDataSource - HikariPool-5 - Shutdown completed.
2026-07-11 17:58:12.826 INFO  [restartedMain] o.a.catalina.core.StandardService - Stopping service [Tomcat]
2026-07-11 17:58:12.846 INFO  [restartedMain] o.s.b.a.l.ConditionEvaluationReportLogger - 

Error starting ApplicationContext. To display the condition evaluation report re-run your application with 'debug' enabled.
2026-07-11 17:58:12.916 ERROR [restartedMain] o.s.boot.SpringApplication - Application run failed
org.springframework.beans.factory.BeanCreationException: Error creating bean with name 'homeController': Lookup method resolution failed
	at org.springframework.beans.factory.annotation.AutowiredAnnotationBeanPostProcessor.checkLookupMethods(AutowiredAnnotationBeanPostProcessor.java:498)
	at org.springframework.beans.factory.annotation.AutowiredAnnotationBeanPostProcessor.determineCandidateConstructors(AutowiredAnnotationBeanPostProcessor.java:368)
	at org.springframework.beans.factory.support.AbstractAutowireCapableBeanFactory.determineConstructorsFromBeanPostProcessors(AbstractAutowireCapableBeanFactory.java:1332)
	at org.springframework.beans.factory.support.AbstractAutowireCapableBeanFactory.createBeanInstance(AbstractAutowireCapableBeanFactory.java:1227)
	at org.springframework.beans.factory.support.AbstractAutowireCapableBeanFactory.doCreateBean(AbstractAutowireCapableBeanFactory.java:569)
	at org.springframework.beans.factory.support.AbstractAutowireCapableBeanFactory.createBean(AbstractAutowireCapableBeanFactory.java:529)
	at org.springframework.beans.factory.support.AbstractBeanFactory.lambda$doGetBean$0(AbstractBeanFactory.java:339)
	at org.springframework.beans.factory.support.DefaultSingletonBeanRegistry.getSingleton(DefaultSingletonBeanRegistry.java:373)
	at org.springframework.beans.factory.support.AbstractBeanFactory.doGetBean(AbstractBeanFactory.java:337)
	at org.springframework.beans.factory.support.AbstractBeanFactory.getBean(AbstractBeanFactory.java:202)
	at org.springframework.beans.factory.support.DefaultListableBeanFactory.instantiateSingleton(DefaultListableBeanFactory.java:1235)
	at org.springframework.beans.factory.support.DefaultListableBeanFactory.preInstantiateSingleton(DefaultListableBeanFactory.java:1201)
	at org.springframework.beans.factory.support.DefaultListableBeanFactory.preInstantiateSingletons(DefaultListableBeanFactory.java:1130)
	at org.springframework.context.support.AbstractApplicationContext.finishBeanFactoryInitialization(AbstractApplicationContext.java:991)
	at org.springframework.context.support.AbstractApplicationContext.refresh(AbstractApplicationContext.java:628)
	at org.springframework.boot.web.servlet.context.ServletWebServerApplicationContext.refresh(ServletWebServerApplicationContext.java:146)
	at org.springframework.boot.SpringApplication.refresh(SpringApplication.java:752)
	at org.springframework.boot.SpringApplication.refreshContext(SpringApplication.java:439)
	at org.springframework.boot.SpringApplication.run(SpringApplication.java:318)
	at org.springframework.boot.SpringApplication.run(SpringApplication.java:1361)
	at org.springframework.boot.SpringApplication.run(SpringApplication.java:1350)
	at com.prog.EnotesApiServiceApplication.main(EnotesApiServiceApplication.java:14)
	at java.base/jdk.internal.reflect.DirectMethodHandleAccessor.invoke(DirectMethodHandleAccessor.java:103)
	at java.base/java.lang.reflect.Method.invoke(Method.java:580)
	at org.springframework.boot.devtools.restart.RestartLauncher.run(RestartLauncher.java:50)
Caused by: java.lang.IllegalStateException: Failed to introspect Class [com.prog.controller.HomeController] from ClassLoader [org.springframework.boot.devtools.restart.classloader.RestartClassLoader@2d725981]
	at org.springframework.util.ReflectionUtils.getDeclaredMethods(ReflectionUtils.java:483)
	at org.springframework.util.ReflectionUtils.doWithLocalMethods(ReflectionUtils.java:320)
	at org.springframework.beans.factory.annotation.AutowiredAnnotationBeanPostProcessor.checkLookupMethods(AutowiredAnnotationBeanPostProcessor.java:476)
	... 24 common frames omitted
Caused by: java.lang.NoClassDefFoundError: com/prog/dto/PswdResetRequest
	at java.base/java.lang.Class.getDeclaredMethods0(Native Method)
	at java.base/java.lang.Class.privateGetDeclaredMethods(Class.java:3578)
	at java.base/java.lang.Class.getDeclaredMethods(Class.java:2676)
	at org.springframework.util.ReflectionUtils.getDeclaredMethods(ReflectionUtils.java:465)
	... 26 common frames omitted
Caused by: java.lang.ClassNotFoundException: com.prog.dto.PswdResetRequest
	at java.base/jdk.internal.loader.BuiltinClassLoader.loadClass(BuiltinClassLoader.java:641)
	at java.base/jdk.internal.loader.ClassLoaders$AppClassLoader.loadClass(ClassLoaders.java:188)
	at java.base/java.lang.ClassLoader.loadClass(ClassLoader.java:526)
	at java.base/java.lang.Class.forName0(Native Method)
	at java.base/java.lang.Class.forName(Class.java:534)
	at java.base/java.lang.Class.forName(Class.java:513)
	at org.springframework.boot.devtools.restart.classloader.RestartClassLoader.loadClass(RestartClassLoader.java:121)
	at java.base/java.lang.ClassLoader.loadClass(ClassLoader.java:526)
	... 30 common frames omitted
2026-07-11 17:58:17.823 INFO  [restartedMain] c.prog.EnotesApiServiceApplication - Starting EnotesApiServiceApplication using Java 21.0.4 with PID 32052 (D:\java\spring\Enotes-api-Service\target\classes started by HP in D:\java\spring\Enotes-api-Service)
2026-07-11 17:58:17.824 INFO  [restartedMain] c.prog.EnotesApiServiceApplication - The following 1 profile is active: "dev"
2026-07-11 17:58:18.014 INFO  [restartedMain] o.s.d.r.c.RepositoryConfigurationDelegate - Bootstrapping Spring Data JPA repositories in DEFAULT mode.
2026-07-11 17:58:18.048 INFO  [restartedMain] o.s.d.r.c.RepositoryConfigurationDelegate - Finished Spring Data repository scanning in 33 ms. Found 7 JPA repository interfaces.
2026-07-11 17:58:18.205 INFO  [restartedMain] o.s.b.w.e.tomcat.TomcatWebServer - Tomcat initialized with port 8080 (http)
2026-07-11 17:58:18.206 INFO  [restartedMain] o.a.catalina.core.StandardService - Starting service [Tomcat]
2026-07-11 17:58:18.206 INFO  [restartedMain] o.a.catalina.core.StandardEngine - Starting Servlet engine: [Apache Tomcat/10.1.55]
2026-07-11 17:58:18.233 INFO  [restartedMain] o.a.c.c.C.[Tomcat-2].[localhost].[/] - Initializing Spring embedded WebApplicationContext
2026-07-11 17:58:18.233 INFO  [restartedMain] o.s.b.w.s.c.ServletWebServerApplicationContext - Root WebApplicationContext: initialization completed in 408 ms
2026-07-11 17:58:18.275 INFO  [restartedMain] o.h.jpa.internal.util.LogHelper - HHH000204: Processing PersistenceUnitInfo [name: default]
2026-07-11 17:58:18.277 INFO  [restartedMain] o.h.c.i.RegionFactoryInitiator - HHH000026: Second-level cache disabled
2026-07-11 17:58:18.285 INFO  [restartedMain] o.s.o.j.p.SpringPersistenceUnitInfo - No LoadTimeWeaver setup: ignoring JPA class transformer
2026-07-11 17:58:18.286 INFO  [restartedMain] com.zaxxer.hikari.HikariDataSource - HikariPool-6 - Starting...
2026-07-11 17:58:18.296 INFO  [restartedMain] com.zaxxer.hikari.pool.HikariPool - HikariPool-6 - Added connection com.mysql.cj.jdbc.ConnectionImpl@350b7627
2026-07-11 17:58:18.296 INFO  [restartedMain] com.zaxxer.hikari.HikariDataSource - HikariPool-6 - Start completed.
2026-07-11 17:58:18.297 WARN  [restartedMain] org.hibernate.orm.deprecation - HHH90000025: MySQL8Dialect does not need to be specified explicitly using 'hibernate.dialect' (remove the property setting and it will be selected by default)
2026-07-11 17:58:18.297 WARN  [restartedMain] org.hibernate.orm.deprecation - HHH90000026: MySQL8Dialect has been deprecated; use org.hibernate.dialect.MySQLDialect instead
2026-07-11 17:58:18.297 INFO  [restartedMain] o.hibernate.orm.connections.pooling - HHH10001005: Database info:
	Database JDBC URL [Connecting through datasource 'HikariDataSource (HikariPool-6)']
	Database driver: undefined/unknown
	Database version: 8.0
	Autocommit mode: undefined/unknown
	Isolation level: undefined/unknown
	Minimum pool size: undefined/unknown
	Maximum pool size: undefined/unknown
2026-07-11 17:58:18.420 INFO  [restartedMain] o.h.e.t.j.p.i.JtaPlatformInitiator - HHH000489: No JTA platform available (set 'hibernate.transaction.jta.platform' to enable JTA platform integration)
2026-07-11 17:58:18.420 INFO  [restartedMain] o.s.o.j.LocalContainerEntityManagerFactoryBean - Initialized JPA EntityManagerFactory for persistence unit 'default'
2026-07-11 17:58:18.536 INFO  [restartedMain] o.s.s.c.a.a.c.InitializeAuthenticationProviderBeanManagerConfigurer$InitializeAuthenticationProviderManagerConfigurer - Global AuthenticationManager configured with AuthenticationProvider bean with name authenticationProvider
2026-07-11 17:58:18.536 WARN  [restartedMain] o.s.s.c.a.a.c.InitializeUserDetailsBeanManagerConfigurer$InitializeUserDetailsManagerConfigurer - Global AuthenticationManager configured with an AuthenticationProvider bean. UserDetailsService beans will not be used by Spring Security for automatically configuring username/password login. Consider removing the AuthenticationProvider bean. Alternatively, consider using the UserDetailsService in a manually instantiated DaoAuthenticationProvider. If the current configuration is intentional, to turn off this warning, increase the logging level of 'org.springframework.security.config.annotation.authentication.configuration.InitializeUserDetailsBeanManagerConfigurer' to ERROR
2026-07-11 17:58:18.699 WARN  [restartedMain] o.s.b.a.o.j.JpaBaseConfiguration$JpaWebConfiguration - spring.jpa.open-in-view is enabled by default. Therefore, database queries may be performed during view rendering. Explicitly configure spring.jpa.open-in-view to disable this warning
2026-07-11 17:58:19.018 INFO  [restartedMain] o.s.b.d.a.OptionalLiveReloadServer - LiveReload server is running on port 35729
2026-07-11 17:58:19.036 INFO  [restartedMain] o.s.b.w.e.tomcat.TomcatWebServer - Tomcat started on port 8080 (http) with context path '/'
2026-07-11 17:58:19.040 INFO  [restartedMain] c.prog.EnotesApiServiceApplication - Started EnotesApiServiceApplication in 1.251 seconds (process running for 427.618)
2026-07-11 17:58:19.041 INFO  [restartedMain] o.s.b.d.a.ConditionEvaluationDeltaLoggingListener - Condition evaluation unchanged
2026-07-11 17:58:42.223 INFO  [http-nio-8080-exec-1] o.a.c.c.C.[Tomcat-2].[localhost].[/] - Initializing Spring DispatcherServlet 'dispatcherServlet'
2026-07-11 17:58:42.223 INFO  [http-nio-8080-exec-1] o.s.web.servlet.DispatcherServlet - Initializing Servlet 'dispatcherServlet'
2026-07-11 17:58:42.225 INFO  [http-nio-8080-exec-1] o.s.web.servlet.DispatcherServlet - Completed initialization in 2 ms
2026-07-11 17:58:42.227 INFO  [http-nio-8080-exec-1] com.prog.config.security.JwtFilter - JwtFilter : doFilterInternal() : Processing request /swagger-ui/index.html
2026-07-11 17:58:42.263 INFO  [http-nio-8080-exec-4] com.prog.config.security.JwtFilter - JwtFilter : doFilterInternal() : Processing request /swagger-ui/index.css
2026-07-11 17:58:42.263 INFO  [http-nio-8080-exec-3] com.prog.config.security.JwtFilter - JwtFilter : doFilterInternal() : Processing request /swagger-ui/swagger-ui.css
2026-07-11 17:58:42.265 INFO  [http-nio-8080-exec-7] com.prog.config.security.JwtFilter - JwtFilter : doFilterInternal() : Processing request /swagger-ui/swagger-ui-standalone-preset.js
2026-07-11 17:58:42.267 INFO  [http-nio-8080-exec-2] com.prog.config.security.JwtFilter - JwtFilter : doFilterInternal() : Processing request /swagger-ui/swagger-ui-bundle.js
2026-07-11 17:58:42.267 INFO  [http-nio-8080-exec-4] com.prog.config.security.JwtFilter - JwtFilter : doFilterInternal() : Processing request /swagger-ui/swagger-initializer.js
2026-07-11 17:58:42.442 INFO  [http-nio-8080-exec-6] com.prog.config.security.JwtFilter - JwtFilter : doFilterInternal() : Processing request /swagger-ui/favicon-32x32.png
2026-07-11 17:58:42.442 INFO  [http-nio-8080-exec-5] com.prog.config.security.JwtFilter - JwtFilter : doFilterInternal() : Processing request /v3/api-docs/swagger-config
2026-07-11 17:58:42.458 INFO  [http-nio-8080-exec-9] com.prog.config.security.JwtFilter - JwtFilter : doFilterInternal() : Processing request /v3/api-docs
2026-07-11 17:58:42.532 ERROR [http-nio-8080-exec-9] c.p.exception.GlobalExceptionHandler - GlobalExceptionHandler : handleException() : Handler dispatch failed: java.lang.NoSuchMethodError: 'void org.springframework.web.method.ControllerAdviceBean.<init>(java.lang.Object)'
2026-07-11 17:58:42.536 WARN  [http-nio-8080-exec-9] o.s.w.s.m.m.a.ExceptionHandlerExceptionResolver - Resolved [jakarta.servlet.ServletException: Handler dispatch failed: java.lang.NoSuchMethodError: 'void org.springframework.web.method.ControllerAdviceBean.<init>(java.lang.Object)']
2026-07-11 17:58:57.715 INFO  [RMI TCP Connection(11)-127.0.0.1] o.s.b.a.SpringApplicationAdminMXBeanRegistrar$SpringApplicationAdmin - Application shutdown requested.
2026-07-11 17:58:57.718 INFO  [RMI TCP Connection(11)-127.0.0.1] o.s.b.w.e.tomcat.GracefulShutdown - Commencing graceful shutdown. Waiting for active requests to complete
2026-07-11 17:58:57.727 INFO  [tomcat-shutdown] o.s.b.w.e.tomcat.GracefulShutdown - Graceful shutdown complete
2026-07-11 17:58:57.731 INFO  [RMI TCP Connection(11)-127.0.0.1] o.s.o.j.LocalContainerEntityManagerFactoryBean - Closing JPA EntityManagerFactory for persistence unit 'default'
2026-07-11 17:58:57.732 INFO  [RMI TCP Connection(11)-127.0.0.1] com.zaxxer.hikari.HikariDataSource - HikariPool-6 - Shutdown initiated...
2026-07-11 17:58:57.738 INFO  [RMI TCP Connection(11)-127.0.0.1] com.zaxxer.hikari.HikariDataSource - HikariPool-6 - Shutdown completed.
2026-07-11 18:00:35.111 INFO  [restartedMain] c.prog.EnotesApiServiceApplication - Starting EnotesApiServiceApplication using Java 21.0.4 with PID 32100 (D:\java\spring\Enotes-api-Service\target\classes started by HP in D:\java\spring\Enotes-api-Service)
2026-07-11 18:00:35.114 INFO  [restartedMain] c.prog.EnotesApiServiceApplication - The following 1 profile is active: "dev"
2026-07-11 18:00:35.171 INFO  [restartedMain] o.s.b.d.e.DevToolsPropertyDefaultsPostProcessor - Devtools property defaults active! Set 'spring.devtools.add-properties' to 'false' to disable
2026-07-11 18:00:35.171 INFO  [restartedMain] o.s.b.d.e.DevToolsPropertyDefaultsPostProcessor - For additional web related logging consider setting the 'logging.level.web' property to 'DEBUG'
2026-07-11 18:00:36.098 INFO  [restartedMain] o.s.d.r.c.RepositoryConfigurationDelegate - Bootstrapping Spring Data JPA repositories in DEFAULT mode.
2026-07-11 18:00:36.170 INFO  [restartedMain] o.s.d.r.c.RepositoryConfigurationDelegate - Finished Spring Data repository scanning in 62 ms. Found 7 JPA repository interfaces.
2026-07-11 18:00:36.852 INFO  [restartedMain] o.s.b.w.e.tomcat.TomcatWebServer - Tomcat initialized with port 8080 (http)
2026-07-11 18:00:36.868 INFO  [restartedMain] o.a.catalina.core.StandardService - Starting service [Tomcat]
2026-07-11 18:00:36.869 INFO  [restartedMain] o.a.catalina.core.StandardEngine - Starting Servlet engine: [Apache Tomcat/10.1.55]
2026-07-11 18:00:36.932 INFO  [restartedMain] o.a.c.c.C.[Tomcat].[localhost].[/] - Initializing Spring embedded WebApplicationContext
2026-07-11 18:00:36.934 INFO  [restartedMain] o.s.b.w.s.c.ServletWebServerApplicationContext - Root WebApplicationContext: initialization completed in 1760 ms
2026-07-11 18:00:37.106 INFO  [restartedMain] o.h.jpa.internal.util.LogHelper - HHH000204: Processing PersistenceUnitInfo [name: default]
2026-07-11 18:00:37.159 INFO  [restartedMain] org.hibernate.Version - HHH000412: Hibernate ORM core version 6.6.53.Final
2026-07-11 18:00:37.202 INFO  [restartedMain] o.h.c.i.RegionFactoryInitiator - HHH000026: Second-level cache disabled
2026-07-11 18:00:37.454 INFO  [restartedMain] o.s.o.j.p.SpringPersistenceUnitInfo - No LoadTimeWeaver setup: ignoring JPA class transformer
2026-07-11 18:00:37.480 INFO  [restartedMain] com.zaxxer.hikari.HikariDataSource - HikariPool-1 - Starting...
2026-07-11 18:00:37.768 INFO  [restartedMain] com.zaxxer.hikari.pool.HikariPool - HikariPool-1 - Added connection com.mysql.cj.jdbc.ConnectionImpl@3f9056c0
2026-07-11 18:00:37.770 INFO  [restartedMain] com.zaxxer.hikari.HikariDataSource - HikariPool-1 - Start completed.
2026-07-11 18:00:37.807 WARN  [restartedMain] org.hibernate.orm.deprecation - HHH90000025: MySQL8Dialect does not need to be specified explicitly using 'hibernate.dialect' (remove the property setting and it will be selected by default)
2026-07-11 18:00:37.808 WARN  [restartedMain] org.hibernate.orm.deprecation - HHH90000026: MySQL8Dialect has been deprecated; use org.hibernate.dialect.MySQLDialect instead
2026-07-11 18:00:37.824 INFO  [restartedMain] o.hibernate.orm.connections.pooling - HHH10001005: Database info:
	Database JDBC URL [Connecting through datasource 'HikariDataSource (HikariPool-1)']
	Database driver: undefined/unknown
	Database version: 8.0
	Autocommit mode: undefined/unknown
	Isolation level: undefined/unknown
	Minimum pool size: undefined/unknown
	Maximum pool size: undefined/unknown
2026-07-11 18:00:38.867 INFO  [restartedMain] o.h.e.t.j.p.i.JtaPlatformInitiator - HHH000489: No JTA platform available (set 'hibernate.transaction.jta.platform' to enable JTA platform integration)
2026-07-11 18:00:38.871 INFO  [restartedMain] o.s.o.j.LocalContainerEntityManagerFactoryBean - Initialized JPA EntityManagerFactory for persistence unit 'default'
2026-07-11 18:00:39.300 INFO  [restartedMain] o.s.s.c.a.a.c.InitializeAuthenticationProviderBeanManagerConfigurer$InitializeAuthenticationProviderManagerConfigurer - Global AuthenticationManager configured with AuthenticationProvider bean with name authenticationProvider
2026-07-11 18:00:39.301 WARN  [restartedMain] o.s.s.c.a.a.c.InitializeUserDetailsBeanManagerConfigurer$InitializeUserDetailsManagerConfigurer - Global AuthenticationManager configured with an AuthenticationProvider bean. UserDetailsService beans will not be used by Spring Security for automatically configuring username/password login. Consider removing the AuthenticationProvider bean. Alternatively, consider using the UserDetailsService in a manually instantiated DaoAuthenticationProvider. If the current configuration is intentional, to turn off this warning, increase the logging level of 'org.springframework.security.config.annotation.authentication.configuration.InitializeUserDetailsBeanManagerConfigurer' to ERROR
2026-07-11 18:00:39.421 INFO  [restartedMain] o.s.d.j.r.query.QueryEnhancerFactory - Hibernate is in classpath; If applicable, HQL parser will be used.
2026-07-11 18:00:40.545 WARN  [restartedMain] o.s.b.a.o.j.JpaBaseConfiguration$JpaWebConfiguration - spring.jpa.open-in-view is enabled by default. Therefore, database queries may be performed during view rendering. Explicitly configure spring.jpa.open-in-view to disable this warning
2026-07-11 18:00:41.275 INFO  [restartedMain] o.s.b.d.a.OptionalLiveReloadServer - LiveReload server is running on port 35729
2026-07-11 18:00:41.355 INFO  [restartedMain] o.s.b.w.e.tomcat.TomcatWebServer - Tomcat started on port 8080 (http) with context path '/'
2026-07-11 18:00:41.427 INFO  [restartedMain] c.prog.EnotesApiServiceApplication - Started EnotesApiServiceApplication in 6.958 seconds (process running for 7.659)
2026-07-11 18:01:16.090 INFO  [http-nio-8080-exec-1] o.a.c.c.C.[Tomcat].[localhost].[/] - Initializing Spring DispatcherServlet 'dispatcherServlet'
2026-07-11 18:01:16.091 INFO  [http-nio-8080-exec-1] o.s.web.servlet.DispatcherServlet - Initializing Servlet 'dispatcherServlet'
2026-07-11 18:01:16.095 INFO  [http-nio-8080-exec-1] o.s.web.servlet.DispatcherServlet - Completed initialization in 4 ms
2026-07-11 18:01:16.127 INFO  [http-nio-8080-exec-1] com.prog.config.security.JwtFilter - JwtFilter : doFilterInternal() : Processing request /swagger-ui/index.html
2026-07-11 18:01:16.213 INFO  [http-nio-8080-exec-2] com.prog.config.security.JwtFilter - JwtFilter : doFilterInternal() : Processing request /swagger-ui/swagger-ui.css
2026-07-11 18:01:16.214 INFO  [http-nio-8080-exec-3] com.prog.config.security.JwtFilter - JwtFilter : doFilterInternal() : Processing request /swagger-ui/index.css
2026-07-11 18:01:16.216 INFO  [http-nio-8080-exec-4] com.prog.config.security.JwtFilter - JwtFilter : doFilterInternal() : Processing request /swagger-ui/swagger-ui-bundle.js
2026-07-11 18:01:16.216 INFO  [http-nio-8080-exec-5] com.prog.config.security.JwtFilter - JwtFilter : doFilterInternal() : Processing request /swagger-ui/swagger-ui-standalone-preset.js
2026-07-11 18:01:16.216 INFO  [http-nio-8080-exec-6] com.prog.config.security.JwtFilter - JwtFilter : doFilterInternal() : Processing request /swagger-ui/swagger-initializer.js
2026-07-11 18:01:16.451 INFO  [http-nio-8080-exec-7] com.prog.config.security.JwtFilter - JwtFilter : doFilterInternal() : Processing request /v3/api-docs/swagger-config
2026-07-11 18:01:16.553 INFO  [http-nio-8080-exec-8] com.prog.config.security.JwtFilter - JwtFilter : doFilterInternal() : Processing request /v3/api-docs
2026-07-11 18:01:17.215 INFO  [http-nio-8080-exec-8] o.s.api.AbstractOpenApiResource - Init duration for springdoc-openapi is: 627 ms
2026-07-11 18:03:02.755 INFO  [http-nio-8080-exec-5] com.prog.config.security.JwtFilter - JwtFilter : doFilterInternal() : Processing request /v3/api-docs
2026-07-11 18:03:02.818 INFO  [http-nio-8080-exec-4] com.prog.config.security.JwtFilter - JwtFilter : doFilterInternal() : Processing request /favicon.ico
2026-07-11 18:06:43.062 INFO  [http-nio-8080-exec-8] com.prog.config.security.JwtFilter - JwtFilter : doFilterInternal() : Processing request /api/v1/auth/login
2026-07-11 18:06:43.119 INFO  [http-nio-8080-exec-8] com.prog.controller.AuthController - Login request received for email=msugrp@gmail.com
2026-07-11 18:06:43.119 INFO  [http-nio-8080-exec-8] c.prog.service.impl.AuthServiceImpl - AuthServiceImpl : login() : Login request received. Email=msugrp@gmail.com
2026-07-11 18:06:43.846 INFO  [http-nio-8080-exec-8] c.prog.service.impl.JwtServiceImpl - JwtServiceImpl : generateToken() : Generating JWT token for user=msugrp@gmail.com
2026-07-11 18:06:44.079 INFO  [http-nio-8080-exec-8] c.prog.service.impl.JwtServiceImpl - JwtServiceImpl : generateToken() : JWT token generated successfully for user=msugrp@gmail.com
2026-07-11 18:06:44.080 INFO  [http-nio-8080-exec-8] c.prog.service.impl.AuthServiceImpl - AuthServiceImpl : login() : Login successful. UserId=9
2026-07-11 18:06:44.194 INFO  [http-nio-8080-exec-8] com.prog.controller.AuthController - User logged in successfully for email=msugrp@gmail.com
2026-07-11 18:09:35.955 INFO  [File Watcher] o.s.b.d.a.LocalDevToolsAutoConfiguration$RestartingClassPathChangeChangedEventListener - Restarting due to 4 class path changes (0 additions, 0 deletions, 4 modifications)
2026-07-11 18:09:35.964 INFO  [Thread-5] o.s.b.w.e.tomcat.GracefulShutdown - Commencing graceful shutdown. Waiting for active requests to complete
2026-07-11 18:09:35.974 INFO  [tomcat-shutdown] o.s.b.w.e.tomcat.GracefulShutdown - Graceful shutdown complete
2026-07-11 18:09:35.982 INFO  [Thread-5] o.s.o.j.LocalContainerEntityManagerFactoryBean - Closing JPA EntityManagerFactory for persistence unit 'default'
2026-07-11 18:09:35.988 INFO  [Thread-5] com.zaxxer.hikari.HikariDataSource - HikariPool-1 - Shutdown initiated...
2026-07-11 18:09:36.003 INFO  [Thread-5] com.zaxxer.hikari.HikariDataSource - HikariPool-1 - Shutdown completed.
2026-07-11 18:09:36.141 INFO  [restartedMain] c.prog.EnotesApiServiceApplication - Starting EnotesApiServiceApplication using Java 21.0.4 with PID 32100 (D:\java\spring\Enotes-api-Service\target\classes started by HP in D:\java\spring\Enotes-api-Service)
2026-07-11 18:09:36.142 INFO  [restartedMain] c.prog.EnotesApiServiceApplication - The following 1 profile is active: "dev"
2026-07-11 18:09:36.499 INFO  [restartedMain] o.s.d.r.c.RepositoryConfigurationDelegate - Bootstrapping Spring Data JPA repositories in DEFAULT mode.
2026-07-11 18:09:36.528 INFO  [restartedMain] o.s.d.r.c.RepositoryConfigurationDelegate - Finished Spring Data repository scanning in 27 ms. Found 7 JPA repository interfaces.
2026-07-11 18:09:36.711 INFO  [restartedMain] o.s.b.w.e.tomcat.TomcatWebServer - Tomcat initialized with port 8080 (http)
2026-07-11 18:09:36.714 INFO  [restartedMain] o.a.catalina.core.StandardService - Starting service [Tomcat]
2026-07-11 18:09:36.714 INFO  [restartedMain] o.a.catalina.core.StandardEngine - Starting Servlet engine: [Apache Tomcat/10.1.55]
2026-07-11 18:09:36.754 INFO  [restartedMain] o.a.c.c.C.[Tomcat].[localhost].[/] - Initializing Spring embedded WebApplicationContext
2026-07-11 18:09:36.755 INFO  [restartedMain] o.s.b.w.s.c.ServletWebServerApplicationContext - Root WebApplicationContext: initialization completed in 608 ms
2026-07-11 18:09:36.807 INFO  [restartedMain] o.h.jpa.internal.util.LogHelper - HHH000204: Processing PersistenceUnitInfo [name: default]
2026-07-11 18:09:36.810 INFO  [restartedMain] o.h.c.i.RegionFactoryInitiator - HHH000026: Second-level cache disabled
2026-07-11 18:09:36.819 INFO  [restartedMain] o.s.o.j.p.SpringPersistenceUnitInfo - No LoadTimeWeaver setup: ignoring JPA class transformer
2026-07-11 18:09:36.821 INFO  [restartedMain] com.zaxxer.hikari.HikariDataSource - HikariPool-2 - Starting...
2026-07-11 18:09:36.840 INFO  [restartedMain] com.zaxxer.hikari.pool.HikariPool - HikariPool-2 - Added connection com.mysql.cj.jdbc.ConnectionImpl@54d001ab
2026-07-11 18:09:36.840 INFO  [restartedMain] com.zaxxer.hikari.HikariDataSource - HikariPool-2 - Start completed.
2026-07-11 18:09:36.841 WARN  [restartedMain] org.hibernate.orm.deprecation - HHH90000025: MySQL8Dialect does not need to be specified explicitly using 'hibernate.dialect' (remove the property setting and it will be selected by default)
2026-07-11 18:09:36.841 WARN  [restartedMain] org.hibernate.orm.deprecation - HHH90000026: MySQL8Dialect has been deprecated; use org.hibernate.dialect.MySQLDialect instead
2026-07-11 18:09:36.841 INFO  [restartedMain] o.hibernate.orm.connections.pooling - HHH10001005: Database info:
	Database JDBC URL [Connecting through datasource 'HikariDataSource (HikariPool-2)']
	Database driver: undefined/unknown
	Database version: 8.0
	Autocommit mode: undefined/unknown
	Isolation level: undefined/unknown
	Minimum pool size: undefined/unknown
	Maximum pool size: undefined/unknown
2026-07-11 18:09:37.021 INFO  [restartedMain] o.h.e.t.j.p.i.JtaPlatformInitiator - HHH000489: No JTA platform available (set 'hibernate.transaction.jta.platform' to enable JTA platform integration)
2026-07-11 18:09:37.022 INFO  [restartedMain] o.s.o.j.LocalContainerEntityManagerFactoryBean - Initialized JPA EntityManagerFactory for persistence unit 'default'
2026-07-11 18:09:37.185 INFO  [restartedMain] o.s.s.c.a.a.c.InitializeAuthenticationProviderBeanManagerConfigurer$InitializeAuthenticationProviderManagerConfigurer - Global AuthenticationManager configured with AuthenticationProvider bean with name authenticationProvider
2026-07-11 18:09:37.186 WARN  [restartedMain] o.s.s.c.a.a.c.InitializeUserDetailsBeanManagerConfigurer$InitializeUserDetailsManagerConfigurer - Global AuthenticationManager configured with an AuthenticationProvider bean. UserDetailsService beans will not be used by Spring Security for automatically configuring username/password login. Consider removing the AuthenticationProvider bean. Alternatively, consider using the UserDetailsService in a manually instantiated DaoAuthenticationProvider. If the current configuration is intentional, to turn off this warning, increase the logging level of 'org.springframework.security.config.annotation.authentication.configuration.InitializeUserDetailsBeanManagerConfigurer' to ERROR
2026-07-11 18:09:37.353 WARN  [restartedMain] o.s.b.a.o.j.JpaBaseConfiguration$JpaWebConfiguration - spring.jpa.open-in-view is enabled by default. Therefore, database queries may be performed during view rendering. Explicitly configure spring.jpa.open-in-view to disable this warning
2026-07-11 18:09:37.644 INFO  [restartedMain] o.s.b.d.a.OptionalLiveReloadServer - LiveReload server is running on port 35729
2026-07-11 18:09:37.660 INFO  [restartedMain] o.s.b.w.e.tomcat.TomcatWebServer - Tomcat started on port 8080 (http) with context path '/'
2026-07-11 18:09:37.667 INFO  [restartedMain] c.prog.EnotesApiServiceApplication - Started EnotesApiServiceApplication in 1.601 seconds (process running for 543.899)
2026-07-11 18:09:37.671 INFO  [restartedMain] o.s.b.d.a.ConditionEvaluationDeltaLoggingListener - Condition evaluation unchanged
2026-07-11 18:09:41.357 INFO  [http-nio-8080-exec-1] o.a.c.c.C.[Tomcat].[localhost].[/] - Initializing Spring DispatcherServlet 'dispatcherServlet'
2026-07-11 18:09:41.357 INFO  [http-nio-8080-exec-1] o.s.web.servlet.DispatcherServlet - Initializing Servlet 'dispatcherServlet'
2026-07-11 18:09:41.359 INFO  [http-nio-8080-exec-1] o.s.web.servlet.DispatcherServlet - Completed initialization in 1 ms
2026-07-11 18:09:41.361 INFO  [http-nio-8080-exec-1] com.prog.config.security.JwtFilter - JwtFilter : doFilterInternal() : Processing request /swagger-ui/index.html
2026-07-11 18:09:41.409 INFO  [http-nio-8080-exec-3] com.prog.config.security.JwtFilter - JwtFilter : doFilterInternal() : Processing request /swagger-ui/index.css
2026-07-11 18:09:41.410 INFO  [http-nio-8080-exec-5] com.prog.config.security.JwtFilter - JwtFilter : doFilterInternal() : Processing request /swagger-ui/swagger-ui-bundle.js
2026-07-11 18:09:41.409 INFO  [http-nio-8080-exec-2] com.prog.config.security.JwtFilter - JwtFilter : doFilterInternal() : Processing request /swagger-ui/swagger-ui.css
2026-07-11 18:09:41.418 INFO  [http-nio-8080-exec-4] com.prog.config.security.JwtFilter - JwtFilter : doFilterInternal() : Processing request /swagger-ui/swagger-ui-standalone-preset.js
2026-07-11 18:09:41.439 INFO  [http-nio-8080-exec-6] com.prog.config.security.JwtFilter - JwtFilter : doFilterInternal() : Processing request /swagger-ui/swagger-initializer.js
2026-07-11 18:09:41.623 INFO  [http-nio-8080-exec-7] com.prog.config.security.JwtFilter - JwtFilter : doFilterInternal() : Processing request /v3/api-docs/swagger-config
2026-07-11 18:09:41.625 INFO  [http-nio-8080-exec-8] com.prog.config.security.JwtFilter - JwtFilter : doFilterInternal() : Processing request /swagger-ui/favicon-32x32.png
2026-07-11 18:09:41.642 INFO  [http-nio-8080-exec-9] com.prog.config.security.JwtFilter - JwtFilter : doFilterInternal() : Processing request /v3/api-docs
2026-07-11 18:09:41.855 INFO  [http-nio-8080-exec-9] o.s.api.AbstractOpenApiResource - Init duration for springdoc-openapi is: 208 ms
2026-07-11 18:09:52.536 INFO  [RMI TCP Connection(14)-127.0.0.1] o.s.b.a.SpringApplicationAdminMXBeanRegistrar$SpringApplicationAdmin - Application shutdown requested.
2026-07-11 18:09:52.538 INFO  [RMI TCP Connection(14)-127.0.0.1] o.s.b.w.e.tomcat.GracefulShutdown - Commencing graceful shutdown. Waiting for active requests to complete
2026-07-11 18:09:52.549 INFO  [tomcat-shutdown] o.s.b.w.e.tomcat.GracefulShutdown - Graceful shutdown complete
2026-07-11 18:09:52.554 INFO  [RMI TCP Connection(14)-127.0.0.1] o.s.o.j.LocalContainerEntityManagerFactoryBean - Closing JPA EntityManagerFactory for persistence unit 'default'
2026-07-11 18:09:52.556 INFO  [RMI TCP Connection(14)-127.0.0.1] com.zaxxer.hikari.HikariDataSource - HikariPool-2 - Shutdown initiated...
2026-07-11 18:09:52.565 INFO  [RMI TCP Connection(14)-127.0.0.1] com.zaxxer.hikari.HikariDataSource - HikariPool-2 - Shutdown completed.
